nix-shell -A shells.ghc --show-trace --verbose --run \
  "cabal --project-file=cabal.project \
    --builddir=dist-ghc new-build all"
evaluating file '/nix/store/8928ygfyf9iassfrnj76v55s6zid58ja-nix-2.3.4/share/nix/corepkgs/derivation.nix'
evaluating file '/home/aku/Documents/kerja/devKit/reflex-platform/default.nix'
evaluating file '/home/aku/Documents/kerja/devKit/reflex-platform/nixpkgs/default.nix'
evaluating file '/nix/store/ws6z2fm6q4wpw89rygxvrh08g104ixzw-source/default.nix'
evaluating file '/nix/store/ws6z2fm6q4wpw89rygxvrh08g104ixzw-source/lib/minver.nix'
evaluating file '/nix/store/ws6z2fm6q4wpw89rygxvrh08g104ixzw-source/pkgs/top-level/impure.nix'
evaluating file '/nix/store/ws6z2fm6q4wpw89rygxvrh08g104ixzw-source/pkgs/top-level/default.nix'
evaluating file '/nix/store/ws6z2fm6q4wpw89rygxvrh08g104ixzw-source/pkgs/stdenv/booter.nix'
evaluating file '/nix/store/ws6z2fm6q4wpw89rygxvrh08g104ixzw-source/lib/default.nix'
evaluating file '/nix/store/ws6z2fm6q4wpw89rygxvrh08g104ixzw-source/lib/fixed-points.nix'
evaluating file '/nix/store/ws6z2fm6q4wpw89rygxvrh08g104ixzw-source/lib/lists.nix'
evaluating file '/nix/store/ws6z2fm6q4wpw89rygxvrh08g104ixzw-source/pkgs/stdenv/default.nix'
evaluating file '/nix/store/ws6z2fm6q4wpw89rygxvrh08g104ixzw-source/lib/systems/default.nix'
evaluating file '/nix/store/ws6z2fm6q4wpw89rygxvrh08g104ixzw-source/lib/attrsets.nix'
evaluating file '/nix/store/ws6z2fm6q4wpw89rygxvrh08g104ixzw-source/lib/systems/inspect.nix'
evaluating file '/nix/store/ws6z2fm6q4wpw89rygxvrh08g104ixzw-source/lib/trivial.nix'
evaluating file '/nix/store/ws6z2fm6q4wpw89rygxvrh08g104ixzw-source/lib/systems/parse.nix'
evaluating file '/nix/store/ws6z2fm6q4wpw89rygxvrh08g104ixzw-source/lib/strings.nix'
evaluating file '/nix/store/ws6z2fm6q4wpw89rygxvrh08g104ixzw-source/lib/types.nix'
evaluating file '/nix/store/ws6z2fm6q4wpw89rygxvrh08g104ixzw-source/lib/options.nix'
evaluating file '/nix/store/ws6z2fm6q4wpw89rygxvrh08g104ixzw-source/lib/systems/platforms.nix'
evaluating file '/nix/store/ws6z2fm6q4wpw89rygxvrh08g104ixzw-source/pkgs/stdenv/linux/default.nix'
evaluating file '/nix/store/ws6z2fm6q4wpw89rygxvrh08g104ixzw-source/pkgs/top-level/stage.nix'
evaluating file '/nix/store/ws6z2fm6q4wpw89rygxvrh08g104ixzw-source/pkgs/stdenv/adapters.nix'
evaluating file '/nix/store/ws6z2fm6q4wpw89rygxvrh08g104ixzw-source/pkgs/build-support/trivial-builders.nix'
evaluating file '/nix/store/ws6z2fm6q4wpw89rygxvrh08g104ixzw-source/pkgs/top-level/splice.nix'
evaluating file '/nix/store/ws6z2fm6q4wpw89rygxvrh08g104ixzw-source/pkgs/top-level/all-packages.nix'
evaluating file '/nix/store/ws6z2fm6q4wpw89rygxvrh08g104ixzw-source/pkgs/top-level/aliases.nix'
evaluating file '/home/aku/Documents/kerja/devKit/reflex-platform/nixpkgs-overlays/hack-get/default.nix'
evaluating file '/home/aku/Documents/kerja/devKit/reflex-platform/nixpkgs-overlays/mobile-ghc/default.nix'
evaluating file '/home/aku/Documents/kerja/devKit/reflex-platform/nixpkgs-overlays/all-cabal-hashes/default.nix'
evaluating file '/home/aku/Documents/kerja/devKit/reflex-platform/nixpkgs-overlays/ghc.nix'
evaluating file '/nix/store/ws6z2fm6q4wpw89rygxvrh08g104ixzw-source/pkgs/stdenv/generic/default.nix'
evaluating file '/nix/store/ws6z2fm6q4wpw89rygxvrh08g104ixzw-source/lib/customisation.nix'
evaluating file '/nix/store/ws6z2fm6q4wpw89rygxvrh08g104ixzw-source/pkgs/tools/text/gawk/default.nix'
evaluating file '/nix/store/ws6z2fm6q4wpw89rygxvrh08g104ixzw-source/pkgs/servers/x11/xorg/default.nix'
evaluating file '/nix/store/ws6z2fm6q4wpw89rygxvrh08g104ixzw-source/pkgs/servers/x11/xorg/overrides.nix'
evaluating file '/nix/store/ws6z2fm6q4wpw89rygxvrh08g104ixzw-source/pkgs/stdenv/generic/make-derivation.nix'
evaluating file '/home/aku/Documents/kerja/devKit/reflex-platform/project/default.nix'
evaluating file '/home/aku/Documents/kerja/devKit/reflex-platform/nix-utils/work-on-multi/default.nix'
evaluating file '/nix/store/ws6z2fm6q4wpw89rygxvrh08g104ixzw-source/pkgs/top-level/haskell-packages.nix'
evaluating file '/nix/store/ws6z2fm6q4wpw89rygxvrh08g104ixzw-source/pkgs/development/haskell-modules/default.nix'
evaluating file '/nix/store/ws6z2fm6q4wpw89rygxvrh08g104ixzw-source/pkgs/development/haskell-modules/lib.nix'
evaluating file '/nix/store/ws6z2fm6q4wpw89rygxvrh08g104ixzw-source/pkgs/development/haskell-modules/make-package-set.nix'
evaluating file '/nix/store/ws6z2fm6q4wpw89rygxvrh08g104ixzw-source/pkgs/development/haskell-modules/initial-packages.nix'
evaluating file '/nix/store/ws6z2fm6q4wpw89rygxvrh08g104ixzw-source/pkgs/development/haskell-modules/hackage-packages.nix'
evaluating file '/nix/store/ws6z2fm6q4wpw89rygxvrh08g104ixzw-source/pkgs/development/haskell-modules/non-hackage-packages.nix'
evaluating file '/nix/store/ws6z2fm6q4wpw89rygxvrh08g104ixzw-source/pkgs/development/haskell-modules/configuration-nix.nix'
evaluating file '/nix/store/ws6z2fm6q4wpw89rygxvrh08g104ixzw-source/pkgs/development/haskell-modules/configuration-common.nix'
evaluating file '/nix/store/ws6z2fm6q4wpw89rygxvrh08g104ixzw-source/pkgs/development/haskell-modules/configuration-tensorflow.nix'
evaluating file '/nix/store/ws6z2fm6q4wpw89rygxvrh08g104ixzw-source/pkgs/development/haskell-modules/configuration-ghc-8.6.x.nix'
evaluating file '/home/aku/Documents/kerja/devKit/reflex-platform/haskell-overlays/default.nix'
evaluating file '/home/aku/Documents/kerja/devKit/reflex-platform/haskell-overlays/reflex-packages/default.nix'
evaluating file '/home/aku/Documents/kerja/devKit/reflex-platform/haskell-overlays/profiling.nix'
evaluating file '/home/aku/Documents/kerja/devKit/reflex-platform/haskell-overlays/untriaged.nix'
evaluating file '/home/aku/Documents/kerja/devKit/reflex-platform/haskell-overlays/expose-all-unfoldings.nix'
evaluating file '/nix/store/ws6z2fm6q4wpw89rygxvrh08g104ixzw-source/lib/asserts.nix'
evaluating file '/nix/store/ws6z2fm6q4wpw89rygxvrh08g104ixzw-source/pkgs/development/compilers/ghc/8.6.5.nix'
evaluating file '/nix/store/ws6z2fm6q4wpw89rygxvrh08g104ixzw-source/lib/meta.nix'
evaluating file '/nix/store/ws6z2fm6q4wpw89rygxvrh08g104ixzw-source/pkgs/development/libraries/gmp/6.x.nix'
evaluating file '/nix/store/ws6z2fm6q4wpw89rygxvrh08g104ixzw-source/lib/systems/doubles.nix'
evaluating file '/home/aku/Documents/kerja/devKit/reflex-platform/haskell-overlays/any-8.nix'
evaluating file '/home/aku/Documents/kerja/devKit/reflex-platform/haskell-overlays/any-8.6.nix'
evaluating file '/nix/store/ws6z2fm6q4wpw89rygxvrh08g104ixzw-source/pkgs/development/haskell-modules/generic-builder.nix'
evaluating file '/nix/store/ws6z2fm6q4wpw89rygxvrh08g104ixzw-source/pkgs/desktops/gnome-2/default.nix'
evaluating file '/nix/store/ws6z2fm6q4wpw89rygxvrh08g104ixzw-source/pkgs/stdenv/generic/check-meta.nix'
evaluating file '/nix/store/ws6z2fm6q4wpw89rygxvrh08g104ixzw-source/pkgs/development/libraries/glibc/locales.nix'
evaluating file '/nix/store/ws6z2fm6q4wpw89rygxvrh08g104ixzw-source/pkgs/development/libraries/glibc/common.nix'
evaluating file '/nix/store/ws6z2fm6q4wpw89rygxvrh08g104ixzw-source/pkgs/os-specific/linux/kernel-headers/default.nix'
evaluating file '/nix/store/ws6z2fm6q4wpw89rygxvrh08g104ixzw-source/pkgs/build-support/cc-wrapper/default.nix'
evaluating file '/nix/store/ws6z2fm6q4wpw89rygxvrh08g104ixzw-source/pkgs/stdenv/linux/bootstrap-tools/default.nix'
evaluating file '/nix/store/ws6z2fm6q4wpw89rygxvrh08g104ixzw-source/pkgs/development/libraries/glibc/default.nix'
evaluating file '/nix/store/ws6z2fm6q4wpw89rygxvrh08g104ixzw-source/pkgs/build-support/bintools-wrapper/default.nix'
evaluating file '/nix/store/ws6z2fm6q4wpw89rygxvrh08g104ixzw-source/pkgs/stdenv/linux/bootstrap-files/x86_64.nix'
evaluating file '/nix/store/ws6z2fm6q4wpw89rygxvrh08g104ixzw-source/pkgs/stdenv/linux/bootstrap-files/i686.nix'
evaluating file '/nix/store/8928ygfyf9iassfrnj76v55s6zid58ja-nix-2.3.4/share/nix/corepkgs/fetchurl.nix'
evaluating file '/nix/store/ws6z2fm6q4wpw89rygxvrh08g104ixzw-source/pkgs/development/tools/misc/binutils/default.nix'
evaluating file '/nix/store/ws6z2fm6q4wpw89rygxvrh08g104ixzw-source/pkgs/development/libraries/zlib/default.nix'
evaluating file '/nix/store/ws6z2fm6q4wpw89rygxvrh08g104ixzw-source/pkgs/build-support/fetchurl/boot.nix'
evaluating file '/nix/store/ws6z2fm6q4wpw89rygxvrh08g104ixzw-source/pkgs/development/libraries/gettext/default.nix'
evaluating file '/nix/store/ws6z2fm6q4wpw89rygxvrh08g104ixzw-source/pkgs/tools/compression/xz/default.nix'
evaluating file '/nix/store/ws6z2fm6q4wpw89rygxvrh08g104ixzw-source/pkgs/development/tools/parsing/bison/3.x.nix'
evaluating file '/nix/store/ws6z2fm6q4wpw89rygxvrh08g104ixzw-source/pkgs/development/tools/misc/gnum4/default.nix'
evaluating file '/nix/store/ws6z2fm6q4wpw89rygxvrh08g104ixzw-source/pkgs/build-support/fetchurl/mirrors.nix'
evaluating file '/nix/store/ws6z2fm6q4wpw89rygxvrh08g104ixzw-source/pkgs/development/interpreters/perl/default.nix'
evaluating file '/nix/store/ws6z2fm6q4wpw89rygxvrh08g104ixzw-source/pkgs/development/tools/misc/automake/automake-1.15.x.nix'
evaluating file '/nix/store/ws6z2fm6q4wpw89rygxvrh08g104ixzw-source/pkgs/development/tools/misc/autoconf/default.nix'
evaluating file '/nix/store/ws6z2fm6q4wpw89rygxvrh08g104ixzw-source/pkgs/build-support/expand-response-params/default.nix'
evaluating file '/nix/store/ws6z2fm6q4wpw89rygxvrh08g104ixzw-source/pkgs/development/compilers/gcc/8/default.nix'
evaluating file '/nix/store/ws6z2fm6q4wpw89rygxvrh08g104ixzw-source/pkgs/development/libraries/libelf/default.nix'
evaluating file '/nix/store/ws6z2fm6q4wpw89rygxvrh08g104ixzw-source/pkgs/tools/misc/coreutils/default.nix'
evaluating file '/nix/store/ws6z2fm6q4wpw89rygxvrh08g104ixzw-source/pkgs/development/libraries/acl/default.nix'
evaluating file '/nix/store/ws6z2fm6q4wpw89rygxvrh08g104ixzw-source/pkgs/tools/text/gnugrep/default.nix'
evaluating file '/nix/store/ws6z2fm6q4wpw89rygxvrh08g104ixzw-source/pkgs/shells/bash/4.4.nix'
evaluating file '/nix/store/ws6z2fm6q4wpw89rygxvrh08g104ixzw-source/pkgs/shells/bash/bash-4.4-patches.nix'
evaluating file '/nix/store/ws6z2fm6q4wpw89rygxvrh08g104ixzw-source/pkgs/development/tools/misc/patchelf/default.nix'
evaluating file '/nix/store/ws6z2fm6q4wpw89rygxvrh08g104ixzw-source/pkgs/development/compilers/gcc/common/extra-target-flags.nix'
evaluating file '/nix/store/ws6z2fm6q4wpw89rygxvrh08g104ixzw-source/pkgs/development/libraries/isl/0.17.1.nix'
evaluating file '/nix/store/ws6z2fm6q4wpw89rygxvrh08g104ixzw-source/pkgs/development/libraries/mpfr/default.nix'
evaluating file '/nix/store/ws6z2fm6q4wpw89rygxvrh08g104ixzw-source/pkgs/development/libraries/libmpc/default.nix'
evaluating file '/nix/store/ws6z2fm6q4wpw89rygxvrh08g104ixzw-source/pkgs/development/compilers/gcc/common/configure-flags.nix'
evaluating file '/nix/store/ws6z2fm6q4wpw89rygxvrh08g104ixzw-source/pkgs/development/compilers/gcc/common/platform-flags.nix'
evaluating file '/nix/store/ws6z2fm6q4wpw89rygxvrh08g104ixzw-source/pkgs/development/tools/misc/texinfo/6.5.nix'
evaluating file '/nix/store/ws6z2fm6q4wpw89rygxvrh08g104ixzw-source/pkgs/development/tools/misc/texinfo/common.nix'
evaluating file '/nix/store/ws6z2fm6q4wpw89rygxvrh08g104ixzw-source/pkgs/tools/system/which/default.nix'
evaluating file '/nix/store/ws6z2fm6q4wpw89rygxvrh08g104ixzw-source/pkgs/development/compilers/gcc/common/pre-configure.nix'
evaluating file '/nix/store/ws6z2fm6q4wpw89rygxvrh08g104ixzw-source/pkgs/development/libraries/attr/default.nix'
evaluating file '/nix/store/ws6z2fm6q4wpw89rygxvrh08g104ixzw-source/pkgs/development/libraries/pcre/default.nix'
evaluating file '/nix/store/ws6z2fm6q4wpw89rygxvrh08g104ixzw-source/pkgs/build-support/fetchurl/default.nix'
evaluating file '/nix/store/ws6z2fm6q4wpw89rygxvrh08g104ixzw-source/lib/fetchers.nix'
evaluating file '/nix/store/ws6z2fm6q4wpw89rygxvrh08g104ixzw-source/pkgs/tools/compression/gzip/default.nix'
evaluating file '/nix/store/ws6z2fm6q4wpw89rygxvrh08g104ixzw-source/pkgs/tools/compression/bzip2/default.nix'
evaluating file '/nix/store/ws6z2fm6q4wpw89rygxvrh08g104ixzw-source/pkgs/tools/text/diffutils/default.nix'
evaluating file '/nix/store/ws6z2fm6q4wpw89rygxvrh08g104ixzw-source/pkgs/tools/misc/findutils/default.nix'
evaluating file '/nix/store/ws6z2fm6q4wpw89rygxvrh08g104ixzw-source/pkgs/development/tools/build-managers/gnumake/4.2/default.nix'
evaluating file '/nix/store/ws6z2fm6q4wpw89rygxvrh08g104ixzw-source/pkgs/tools/text/gnused/default.nix'
evaluating file '/nix/store/ws6z2fm6q4wpw89rygxvrh08g104ixzw-source/pkgs/tools/archivers/gnutar/default.nix'
evaluating file '/nix/store/ws6z2fm6q4wpw89rygxvrh08g104ixzw-source/pkgs/tools/text/gnupatch/default.nix'
evaluating file '/nix/store/ws6z2fm6q4wpw89rygxvrh08g104ixzw-source/pkgs/development/tools/misc/automake/automake-1.16.x.nix'
evaluating file '/nix/store/ws6z2fm6q4wpw89rygxvrh08g104ixzw-source/pkgs/development/tools/misc/libtool/libtool2.nix'
evaluating file '/nix/store/ws6z2fm6q4wpw89rygxvrh08g104ixzw-source/pkgs/development/tools/misc/help2man/default.nix'
evaluating file '/nix/store/ws6z2fm6q4wpw89rygxvrh08g104ixzw-source/pkgs/top-level/perl-packages.nix'
evaluating file '/nix/store/ws6z2fm6q4wpw89rygxvrh08g104ixzw-source/pkgs/development/perl-modules/generic/default.nix'
evaluating file '/nix/store/ws6z2fm6q4wpw89rygxvrh08g104ixzw-source/pkgs/applications/editors/ed/default.nix'
evaluating file '/nix/store/ws6z2fm6q4wpw89rygxvrh08g104ixzw-source/pkgs/tools/compression/lzip/default.nix'
evaluating file '/nix/store/ws6z2fm6q4wpw89rygxvrh08g104ixzw-source/pkgs/stdenv/common-path.nix'
evaluating file '/nix/store/ws6z2fm6q4wpw89rygxvrh08g104ixzw-source/pkgs/tools/networking/curl/default.nix'
evaluating file '/nix/store/ws6z2fm6q4wpw89rygxvrh08g104ixzw-source/pkgs/development/libraries/nghttp2/default.nix'
evaluating file '/nix/store/ws6z2fm6q4wpw89rygxvrh08g104ixzw-source/pkgs/development/libraries/openssl/default.nix'
evaluating file '/nix/store/ws6z2fm6q4wpw89rygxvrh08g104ixzw-source/pkgs/development/libraries/libssh2/default.nix'
evaluating file '/nix/store/ws6z2fm6q4wpw89rygxvrh08g104ixzw-source/pkgs/development/libraries/kerberos/krb5.nix'
evaluating file '/nix/store/ws6z2fm6q4wpw89rygxvrh08g104ixzw-source/pkgs/os-specific/linux/keyutils/default.nix'
evaluating file '/nix/store/ws6z2fm6q4wpw89rygxvrh08g104ixzw-source/pkgs/development/tools/misc/pkg-config/default.nix'
evaluating file '/nix/store/ws6z2fm6q4wpw89rygxvrh08g104ixzw-source/pkgs/development/libraries/libev/default.nix'
evaluating file '/nix/store/ws6z2fm6q4wpw89rygxvrh08g104ixzw-source/pkgs/development/libraries/c-ares/default.nix'
evaluating file '/nix/store/ws6z2fm6q4wpw89rygxvrh08g104ixzw-source/lib/sources.nix'
evaluating file '/nix/store/ws6z2fm6q4wpw89rygxvrh08g104ixzw-source/pkgs/tools/package-management/nix/default.nix'
evaluating file '/nix/store/ws6z2fm6q4wpw89rygxvrh08g104ixzw-source/pkgs/development/libraries/libseccomp/default.nix'
evaluating file '/nix/store/ws6z2fm6q4wpw89rygxvrh08g104ixzw-source/pkgs/development/libraries/sqlite/default.nix'
evaluating file '/nix/store/ws6z2fm6q4wpw89rygxvrh08g104ixzw-source/pkgs/development/libraries/sqlite/archive-version.nix'
evaluating file '/nix/store/ws6z2fm6q4wpw89rygxvrh08g104ixzw-source/pkgs/development/libraries/nlohmann_json/default.nix'
evaluating file '/nix/store/ws6z2fm6q4wpw89rygxvrh08g104ixzw-source/pkgs/development/libraries/qt-5/5.12/default.nix'
evaluating file '/nix/store/ws6z2fm6q4wpw89rygxvrh08g104ixzw-source/pkgs/development/tools/build-managers/cmake/default.nix'
evaluating file '/nix/store/ws6z2fm6q4wpw89rygxvrh08g104ixzw-source/pkgs/development/libraries/expat/default.nix'
evaluating file '/nix/store/ws6z2fm6q4wpw89rygxvrh08g104ixzw-source/pkgs/development/libraries/libarchive/default.nix'
evaluating file '/nix/store/ws6z2fm6q4wpw89rygxvrh08g104ixzw-source/pkgs/development/libraries/libxml2/default.nix'
evaluating file '/nix/store/ws6z2fm6q4wpw89rygxvrh08g104ixzw-source/pkgs/tools/archivers/sharutils/default.nix'
evaluating file '/nix/store/ws6z2fm6q4wpw89rygxvrh08g104ixzw-source/pkgs/development/libraries/lzo/default.nix'
evaluating file '/nix/store/ws6z2fm6q4wpw89rygxvrh08g104ixzw-source/pkgs/tools/filesystems/e2fsprogs/default.nix'
evaluating file '/nix/store/ws6z2fm6q4wpw89rygxvrh08g104ixzw-source/pkgs/os-specific/linux/util-linux/default.nix'
evaluating file '/nix/store/ws6z2fm6q4wpw89rygxvrh08g104ixzw-source/pkgs/os-specific/linux/pam/default.nix'
evaluating file '/nix/store/ws6z2fm6q4wpw89rygxvrh08g104ixzw-source/pkgs/development/libraries/cracklib/default.nix'
evaluating file '/nix/store/ws6z2fm6q4wpw89rygxvrh08g104ixzw-source/pkgs/development/libraries/db/db-4.8.nix'
evaluating file '/nix/store/ws6z2fm6q4wpw89rygxvrh08g104ixzw-source/pkgs/development/libraries/db/generic.nix'
evaluating file '/nix/store/ws6z2fm6q4wpw89rygxvrh08g104ixzw-source/pkgs/development/tools/parsing/flex/default.nix'
evaluating file '/nix/store/ws6z2fm6q4wpw89rygxvrh08g104ixzw-source/pkgs/build-support/fetchpatch/default.nix'
evaluating file '/nix/store/ws6z2fm6q4wpw89rygxvrh08g104ixzw-source/pkgs/tools/text/patchutils/0.3.3.nix'
evaluating file '/nix/store/ws6z2fm6q4wpw89rygxvrh08g104ixzw-source/pkgs/tools/text/patchutils/generic.nix'
evaluating file '/nix/store/ws6z2fm6q4wpw89rygxvrh08g104ixzw-source/pkgs/os-specific/linux/shadow/default.nix'
evaluating file '/nix/store/ws6z2fm6q4wpw89rygxvrh08g104ixzw-source/pkgs/development/libraries/libxslt/default.nix'
evaluating file '/nix/store/ws6z2fm6q4wpw89rygxvrh08g104ixzw-source/pkgs/development/interpreters/python/default.nix'
evaluating file '/nix/store/ws6z2fm6q4wpw89rygxvrh08g104ixzw-source/pkgs/development/interpreters/python/cpython/2.7/default.nix'
evaluating file '/nix/store/ws6z2fm6q4wpw89rygxvrh08g104ixzw-source/pkgs/development/libraries/db/db-5.3.nix'
evaluating file '/nix/store/ws6z2fm6q4wpw89rygxvrh08g104ixzw-source/pkgs/development/libraries/gdbm/default.nix'
evaluating file '/nix/store/ws6z2fm6q4wpw89rygxvrh08g104ixzw-source/pkgs/development/libraries/ncurses/default.nix'
evaluating file '/nix/store/ws6z2fm6q4wpw89rygxvrh08g104ixzw-source/pkgs/development/libraries/readline/6.3.nix'
evaluating file '/nix/store/ws6z2fm6q4wpw89rygxvrh08g104ixzw-source/pkgs/development/libraries/readline/readline-6.3-patches.nix'
evaluating file '/nix/store/ws6z2fm6q4wpw89rygxvrh08g104ixzw-source/pkgs/development/interpreters/python/setup-hook.nix'
evaluating file '/nix/store/ws6z2fm6q4wpw89rygxvrh08g104ixzw-source/pkgs/data/sgml+xml/schemas/xml-dtd/docbook/4.5.nix'
evaluating file '/nix/store/ws6z2fm6q4wpw89rygxvrh08g104ixzw-source/pkgs/data/sgml+xml/schemas/xml-dtd/docbook/generic.nix'
evaluating file '/nix/store/ws6z2fm6q4wpw89rygxvrh08g104ixzw-source/pkgs/tools/archivers/unzip/default.nix'
evaluating file '/nix/store/ws6z2fm6q4wpw89rygxvrh08g104ixzw-source/pkgs/data/sgml+xml/stylesheets/xslt/docbook-xsl/default.nix'
evaluating file '/nix/store/ws6z2fm6q4wpw89rygxvrh08g104ixzw-source/pkgs/build-support/substitute/substitute-all.nix'
evaluating file '/nix/store/ws6z2fm6q4wpw89rygxvrh08g104ixzw-source/pkgs/development/tools/documentation/gnome-doc-utils/default.nix'
evaluating file '/nix/store/ws6z2fm6q4wpw89rygxvrh08g104ixzw-source/pkgs/top-level/python-packages.nix'
evaluating file '/nix/store/ws6z2fm6q4wpw89rygxvrh08g104ixzw-source/pkgs/development/interpreters/python/mk-python-derivation.nix'
evaluating file '/nix/store/ws6z2fm6q4wpw89rygxvrh08g104ixzw-source/lib/versions.nix'
evaluating file '/nix/store/ws6z2fm6q4wpw89rygxvrh08g104ixzw-source/pkgs/development/interpreters/python/wrap-python.nix'
evaluating file '/nix/store/ws6z2fm6q4wpw89rygxvrh08g104ixzw-source/pkgs/development/python-modules/setuptools/default.nix'
evaluating file '/nix/store/ws6z2fm6q4wpw89rygxvrh08g104ixzw-source/pkgs/development/interpreters/python/fetchpypi.nix'
evaluating file '/nix/store/ws6z2fm6q4wpw89rygxvrh08g104ixzw-source/pkgs/development/interpreters/python/hooks/default.nix'
evaluating file '/nix/store/ws6z2fm6q4wpw89rygxvrh08g104ixzw-source/pkgs/development/python-modules/bootstrapped-pip/default.nix'
evaluating file '/nix/store/ws6z2fm6q4wpw89rygxvrh08g104ixzw-source/pkgs/development/tools/misc/intltool/default.nix'
evaluating file '/nix/store/ws6z2fm6q4wpw89rygxvrh08g104ixzw-source/pkgs/build-support/buildenv/default.nix'
evaluating file '/nix/store/ws6z2fm6q4wpw89rygxvrh08g104ixzw-source/pkgs/build-support/fetchgithub/default.nix'
evaluating file '/nix/store/ws6z2fm6q4wpw89rygxvrh08g104ixzw-source/pkgs/build-support/fetchzip/default.nix'
evaluating file '/nix/store/ws6z2fm6q4wpw89rygxvrh08g104ixzw-source/pkgs/development/libraries/libuv/default.nix'
evaluating file '/nix/store/ws6z2fm6q4wpw89rygxvrh08g104ixzw-source/pkgs/tools/security/rhash/default.nix'
evaluating file '/nix/store/ws6z2fm6q4wpw89rygxvrh08g104ixzw-source/pkgs/development/libraries/libsodium/default.nix'
evaluating file '/nix/store/ws6z2fm6q4wpw89rygxvrh08g104ixzw-source/pkgs/tools/compression/brotli/default.nix'
evaluating file '/nix/store/ws6z2fm6q4wpw89rygxvrh08g104ixzw-source/pkgs/development/libraries/boost/1.67.nix'
evaluating file '/nix/store/ws6z2fm6q4wpw89rygxvrh08g104ixzw-source/pkgs/development/libraries/boost/generic.nix'
evaluating file '/nix/store/ws6z2fm6q4wpw89rygxvrh08g104ixzw-source/pkgs/development/libraries/icu/64.nix'
evaluating file '/nix/store/ws6z2fm6q4wpw89rygxvrh08g104ixzw-source/pkgs/development/libraries/icu/base.nix'
evaluating file '/nix/store/ws6z2fm6q4wpw89rygxvrh08g104ixzw-source/pkgs/development/libraries/editline/default.nix'
evaluating file '/nix/store/ws6z2fm6q4wpw89rygxvrh08g104ixzw-source/pkgs/tools/misc/getopt/default.nix'
evaluating file '/nix/store/ws6z2fm6q4wpw89rygxvrh08g104ixzw-source/pkgs/development/libraries/aws-sdk-cpp/default.nix'
evaluating file '/nix/store/ws6z2fm6q4wpw89rygxvrh08g104ixzw-source/pkgs/development/libraries/aws-c-common/default.nix'
evaluating file '/nix/store/ws6z2fm6q4wpw89rygxvrh08g104ixzw-source/pkgs/development/libraries/aws-c-event-stream/default.nix'
evaluating file '/nix/store/ws6z2fm6q4wpw89rygxvrh08g104ixzw-source/pkgs/development/libraries/aws-checksums/default.nix'
evaluating file '/nix/store/ws6z2fm6q4wpw89rygxvrh08g104ixzw-source/pkgs/os-specific/linux/busybox/sandbox-shell.nix'
evaluating file '/nix/store/ws6z2fm6q4wpw89rygxvrh08g104ixzw-source/pkgs/os-specific/linux/busybox/default.nix'
evaluating file '/nix/store/ws6z2fm6q4wpw89rygxvrh08g104ixzw-source/pkgs/os-specific/linux/musl/default.nix'
evaluating file '/nix/store/ws6z2fm6q4wpw89rygxvrh08g104ixzw-source/pkgs/development/libraries/boehm-gc/default.nix'
evaluating file '/nix/store/ws6z2fm6q4wpw89rygxvrh08g104ixzw-source/pkgs/tools/package-management/nix-prefetch-scripts/default.nix'
evaluating file '/nix/store/ws6z2fm6q4wpw89rygxvrh08g104ixzw-source/pkgs/applications/version-management/bazaar/default.nix'
evaluating file '/nix/store/ws6z2fm6q4wpw89rygxvrh08g104ixzw-source/pkgs/development/python-modules/wheel/default.nix'
evaluating file '/nix/store/ws6z2fm6q4wpw89rygxvrh08g104ixzw-source/pkgs/development/python-modules/pip/default.nix'
evaluating file '/nix/store/ws6z2fm6q4wpw89rygxvrh08g104ixzw-source/pkgs/development/python-modules/paramiko/default.nix'
evaluating file '/nix/store/ws6z2fm6q4wpw89rygxvrh08g104ixzw-source/pkgs/development/python-modules/pytest/4.nix'
evaluating file '/nix/store/ws6z2fm6q4wpw89rygxvrh08g104ixzw-source/pkgs/development/python-modules/setuptools_scm/default.nix'
evaluating file '/nix/store/ws6z2fm6q4wpw89rygxvrh08g104ixzw-source/pkgs/development/python-modules/hypothesis/default.nix'
evaluating file '/nix/store/ws6z2fm6q4wpw89rygxvrh08g104ixzw-source/pkgs/development/python-modules/attrs/default.nix'
evaluating file '/nix/store/ws6z2fm6q4wpw89rygxvrh08g104ixzw-source/pkgs/development/python-modules/coverage/default.nix'
evaluating file '/nix/store/ws6z2fm6q4wpw89rygxvrh08g104ixzw-source/pkgs/development/python-modules/enum34/default.nix'
evaluating file '/nix/store/ws6z2fm6q4wpw89rygxvrh08g104ixzw-source/pkgs/development/python-modules/mock/default.nix'
evaluating file '/nix/store/ws6z2fm6q4wpw89rygxvrh08g104ixzw-source/pkgs/development/python-modules/unittest2/default.nix'
evaluating file '/nix/store/ws6z2fm6q4wpw89rygxvrh08g104ixzw-source/pkgs/development/python-modules/six/default.nix'
evaluating file '/nix/store/ws6z2fm6q4wpw89rygxvrh08g104ixzw-source/pkgs/development/python-modules/traceback2/default.nix'
evaluating file '/nix/store/ws6z2fm6q4wpw89rygxvrh08g104ixzw-source/pkgs/development/python-modules/pbr/default.nix'
evaluating file '/nix/store/ws6z2fm6q4wpw89rygxvrh08g104ixzw-source/pkgs/development/python-modules/linecache2/default.nix'
evaluating file '/nix/store/ws6z2fm6q4wpw89rygxvrh08g104ixzw-source/pkgs/development/python-modules/funcsigs/default.nix'
evaluating file '/nix/store/ws6z2fm6q4wpw89rygxvrh08g104ixzw-source/pkgs/development/python-modules/py/default.nix'
evaluating file '/nix/store/ws6z2fm6q4wpw89rygxvrh08g104ixzw-source/pkgs/development/python-modules/pluggy/default.nix'
evaluating file '/nix/store/ws6z2fm6q4wpw89rygxvrh08g104ixzw-source/pkgs/development/python-modules/importlib-metadata/default.nix'
evaluating file '/nix/store/ws6z2fm6q4wpw89rygxvrh08g104ixzw-source/pkgs/development/python-modules/zipp/default.nix'
evaluating file '/nix/store/ws6z2fm6q4wpw89rygxvrh08g104ixzw-source/pkgs/development/python-modules/pathlib2/default.nix'
evaluating file '/nix/store/ws6z2fm6q4wpw89rygxvrh08g104ixzw-source/pkgs/development/python-modules/scandir/default.nix'
evaluating file '/nix/store/ws6z2fm6q4wpw89rygxvrh08g104ixzw-source/pkgs/development/python-modules/contextlib2/default.nix'
evaluating file '/nix/store/ws6z2fm6q4wpw89rygxvrh08g104ixzw-source/pkgs/development/python-modules/configparser/default.nix'
evaluating file '/nix/store/ws6z2fm6q4wpw89rygxvrh08g104ixzw-source/pkgs/development/python-modules/more-itertools/2.7.nix'
evaluating file '/nix/store/ws6z2fm6q4wpw89rygxvrh08g104ixzw-source/pkgs/development/python-modules/nose/default.nix'
evaluating file '/nix/store/ws6z2fm6q4wpw89rygxvrh08g104ixzw-source/pkgs/development/python-modules/atomicwrites/default.nix'
evaluating file '/nix/store/ws6z2fm6q4wpw89rygxvrh08g104ixzw-source/pkgs/development/python-modules/wcwidth/default.nix'
evaluating file '/nix/store/ws6z2fm6q4wpw89rygxvrh08g104ixzw-source/pkgs/development/python-modules/packaging/default.nix'
evaluating file '/nix/store/ws6z2fm6q4wpw89rygxvrh08g104ixzw-source/pkgs/development/python-modules/pyparsing/default.nix'
evaluating file '/nix/store/ws6z2fm6q4wpw89rygxvrh08g104ixzw-source/pkgs/development/python-modules/pytest-relaxed/default.nix'
evaluating file '/nix/store/ws6z2fm6q4wpw89rygxvrh08g104ixzw-source/pkgs/development/python-modules/decorator/default.nix'
evaluating file '/nix/store/ws6z2fm6q4wpw89rygxvrh08g104ixzw-source/pkgs/development/python-modules/bcrypt/default.nix'
evaluating file '/nix/store/ws6z2fm6q4wpw89rygxvrh08g104ixzw-source/pkgs/development/python-modules/pycparser/default.nix'
evaluating file '/nix/store/ws6z2fm6q4wpw89rygxvrh08g104ixzw-source/pkgs/development/python-modules/cffi/default.nix'
evaluating file '/nix/store/ws6z2fm6q4wpw89rygxvrh08g104ixzw-source/pkgs/development/libraries/libffi/default.nix'
evaluating file '/nix/store/ws6z2fm6q4wpw89rygxvrh08g104ixzw-source/pkgs/development/tools/misc/dejagnu/default.nix'
evaluating file '/nix/store/ws6z2fm6q4wpw89rygxvrh08g104ixzw-source/pkgs/tools/misc/expect/default.nix'
evaluating file '/nix/store/ws6z2fm6q4wpw89rygxvrh08g104ixzw-source/pkgs/development/interpreters/tcl/8.6.nix'
evaluating file '/nix/store/ws6z2fm6q4wpw89rygxvrh08g104ixzw-source/pkgs/development/interpreters/tcl/generic.nix'
evaluating file '/nix/store/ws6z2fm6q4wpw89rygxvrh08g104ixzw-source/pkgs/development/python-modules/cryptography/default.nix'
evaluating file '/nix/store/ws6z2fm6q4wpw89rygxvrh08g104ixzw-source/pkgs/development/python-modules/cryptography/vectors.nix'
evaluating file '/nix/store/ws6z2fm6q4wpw89rygxvrh08g104ixzw-source/pkgs/development/python-modules/pytest-xdist/default.nix'
evaluating file '/nix/store/ws6z2fm6q4wpw89rygxvrh08g104ixzw-source/pkgs/development/python-modules/filelock/default.nix'
evaluating file '/nix/store/ws6z2fm6q4wpw89rygxvrh08g104ixzw-source/pkgs/development/python-modules/execnet/default.nix'
evaluating file '/nix/store/ws6z2fm6q4wpw89rygxvrh08g104ixzw-source/pkgs/development/python-modules/apipkg/default.nix'
evaluating file '/nix/store/ws6z2fm6q4wpw89rygxvrh08g104ixzw-source/pkgs/development/python-modules/pytest-forked/default.nix'
evaluating file '/nix/store/ws6z2fm6q4wpw89rygxvrh08g104ixzw-source/pkgs/development/python-modules/flaky/default.nix'
evaluating file '/nix/store/ws6z2fm6q4wpw89rygxvrh08g104ixzw-source/pkgs/development/python-modules/iso8601/default.nix'
evaluating file '/nix/store/ws6z2fm6q4wpw89rygxvrh08g104ixzw-source/pkgs/development/python-modules/pretend/default.nix'
evaluating file '/nix/store/ws6z2fm6q4wpw89rygxvrh08g104ixzw-source/pkgs/development/python-modules/pytz/default.nix'
evaluating file '/nix/store/ws6z2fm6q4wpw89rygxvrh08g104ixzw-source/pkgs/development/python-modules/asn1crypto/default.nix'
evaluating file '/nix/store/ws6z2fm6q4wpw89rygxvrh08g104ixzw-source/pkgs/development/python-modules/ipaddress/default.nix'
evaluating file '/nix/store/ws6z2fm6q4wpw89rygxvrh08g104ixzw-source/pkgs/development/python-modules/pynacl/default.nix'
evaluating file '/nix/store/ws6z2fm6q4wpw89rygxvrh08g104ixzw-source/pkgs/development/python-modules/pyasn1/default.nix'
evaluating file '/nix/store/ws6z2fm6q4wpw89rygxvrh08g104ixzw-source/pkgs/applications/version-management/cvs/default.nix'
evaluating file '/nix/store/ws6z2fm6q4wpw89rygxvrh08g104ixzw-source/pkgs/applications/editors/nano/default.nix'
evaluating file '/nix/store/ws6z2fm6q4wpw89rygxvrh08g104ixzw-source/pkgs/applications/version-management/git-and-tools/default.nix'
evaluating file '/nix/store/ws6z2fm6q4wpw89rygxvrh08g104ixzw-source/pkgs/applications/version-management/git-and-tools/git/default.nix'
evaluating file '/nix/store/ws6z2fm6q4wpw89rygxvrh08g104ixzw-source/pkgs/tools/archivers/cpio/default.nix'
evaluating file '/nix/store/ws6z2fm6q4wpw89rygxvrh08g104ixzw-source/pkgs/development/libraries/pcre2/default.nix'
evaluating file '/nix/store/ws6z2fm6q4wpw89rygxvrh08g104ixzw-source/pkgs/tools/typesetting/asciidoc/default.nix'
evaluating file '/nix/store/ws6z2fm6q4wpw89rygxvrh08g104ixzw-source/pkgs/tools/typesetting/xmlto/default.nix'
evaluating file '/nix/store/ws6z2fm6q4wpw89rygxvrh08g104ixzw-source/pkgs/applications/networking/browsers/w3m/default.nix'
evaluating file '/nix/store/ws6z2fm6q4wpw89rygxvrh08g104ixzw-source/pkgs/development/libraries/imlib2/default.nix'
evaluating file '/nix/store/ws6z2fm6q4wpw89rygxvrh08g104ixzw-source/pkgs/servers/gpm/default.nix'
evaluating file '/nix/store/ws6z2fm6q4wpw89rygxvrh08g104ixzw-source/pkgs/tools/misc/man-db/default.nix'
evaluating file '/nix/store/ws6z2fm6q4wpw89rygxvrh08g104ixzw-source/pkgs/development/libraries/libpipeline/default.nix'
evaluating file '/nix/store/ws6z2fm6q4wpw89rygxvrh08g104ixzw-source/pkgs/tools/text/groff/default.nix'
evaluating file '/nix/store/ws6z2fm6q4wpw89rygxvrh08g104ixzw-source/pkgs/tools/typesetting/docbook2x/default.nix'
evaluating file '/nix/store/ws6z2fm6q4wpw89rygxvrh08g104ixzw-source/pkgs/tools/text/sgml/opensp/default.nix'
evaluating file '/nix/store/ws6z2fm6q4wpw89rygxvrh08g104ixzw-source/pkgs/data/sgml+xml/schemas/xml-dtd/docbook/4.1.2.nix'
evaluating file '/nix/store/ws6z2fm6q4wpw89rygxvrh08g104ixzw-source/lib/deprecated.nix'
evaluating file '/nix/store/ws6z2fm6q4wpw89rygxvrh08g104ixzw-source/pkgs/data/sgml+xml/schemas/xml-dtd/docbook/4.3.nix'
evaluating file '/nix/store/ws6z2fm6q4wpw89rygxvrh08g104ixzw-source/pkgs/tools/networking/openssh/default.nix'
evaluating file '/nix/store/ws6z2fm6q4wpw89rygxvrh08g104ixzw-source/pkgs/development/libraries/libedit/default.nix'
evaluating file '/nix/store/ws6z2fm6q4wpw89rygxvrh08g104ixzw-source/pkgs/applications/version-management/mercurial/default.nix'
evaluating file '/nix/store/ws6z2fm6q4wpw89rygxvrh08g104ixzw-source/pkgs/development/python-modules/docutils/default.nix'
evaluating file '/nix/store/ws6z2fm6q4wpw89rygxvrh08g104ixzw-source/pkgs/development/python-modules/hg-git/default.nix'
evaluating file '/nix/store/ws6z2fm6q4wpw89rygxvrh08g104ixzw-source/pkgs/development/python-modules/dulwich/default.nix'
evaluating file '/nix/store/ws6z2fm6q4wpw89rygxvrh08g104ixzw-source/pkgs/development/python-modules/gevent/default.nix'
evaluating file '/nix/store/ws6z2fm6q4wpw89rygxvrh08g104ixzw-source/pkgs/development/python-modules/greenlet/default.nix'
evaluating file '/nix/store/ws6z2fm6q4wpw89rygxvrh08g104ixzw-source/pkgs/development/python-modules/geventhttpclient/default.nix'
evaluating file '/nix/store/ws6z2fm6q4wpw89rygxvrh08g104ixzw-source/pkgs/development/python-modules/certifi/default.nix'
evaluating file '/nix/store/ws6z2fm6q4wpw89rygxvrh08g104ixzw-source/pkgs/development/python-modules/backports_ssl_match_hostname/default.nix'
evaluating file '/nix/store/ws6z2fm6q4wpw89rygxvrh08g104ixzw-source/pkgs/development/python-modules/fastimport/default.nix'
evaluating file '/nix/store/ws6z2fm6q4wpw89rygxvrh08g104ixzw-source/pkgs/development/python-modules/urllib3/default.nix'
evaluating file '/nix/store/ws6z2fm6q4wpw89rygxvrh08g104ixzw-source/pkgs/development/python-modules/pyopenssl/default.nix'
evaluating file '/nix/store/ws6z2fm6q4wpw89rygxvrh08g104ixzw-source/pkgs/development/python-modules/idna/default.nix'
evaluating file '/nix/store/ws6z2fm6q4wpw89rygxvrh08g104ixzw-source/pkgs/development/python-modules/pysocks/default.nix'
evaluating file '/nix/store/ws6z2fm6q4wpw89rygxvrh08g104ixzw-source/pkgs/applications/version-management/subversion/default.nix'
evaluating file '/nix/store/ws6z2fm6q4wpw89rygxvrh08g104ixzw-source/pkgs/development/libraries/apr-util/default.nix'
evaluating file '/nix/store/ws6z2fm6q4wpw89rygxvrh08g104ixzw-source/pkgs/development/libraries/openldap/default.nix'
evaluating file '/nix/store/ws6z2fm6q4wpw89rygxvrh08g104ixzw-source/pkgs/development/libraries/apr/default.nix'
evaluating file '/nix/store/ws6z2fm6q4wpw89rygxvrh08g104ixzw-source/pkgs/development/libraries/cyrus-sasl/default.nix'
evaluating file '/nix/store/ws6z2fm6q4wpw89rygxvrh08g104ixzw-source/pkgs/tools/compression/lz4/default.nix'
evaluating file '/nix/store/ws6z2fm6q4wpw89rygxvrh08g104ixzw-source/pkgs/development/libraries/utf8proc/default.nix'
evaluating file '/nix/store/ws6z2fm6q4wpw89rygxvrh08g104ixzw-source/pkgs/development/libraries/serf/default.nix'
evaluating file '/nix/store/ws6z2fm6q4wpw89rygxvrh08g104ixzw-source/pkgs/development/tools/build-managers/scons/default.nix'
evaluating file '/nix/store/ws6z2fm6q4wpw89rygxvrh08g104ixzw-source/pkgs/development/tools/build-managers/scons/common.nix'
evaluating file '/nix/store/ws6z2fm6q4wpw89rygxvrh08g104ixzw-source/pkgs/development/haskell-modules/configuration-ghc-8.2.x.nix'
evaluating file '/nix/store/ws6z2fm6q4wpw89rygxvrh08g104ixzw-source/pkgs/development/compilers/ghc/8.2.2-binary.nix'
evaluating file '/nix/store/ws6z2fm6q4wpw89rygxvrh08g104ixzw-source/pkgs/development/interpreters/python/cpython/default.nix'
evaluating file '/nix/store/ws6z2fm6q4wpw89rygxvrh08g104ixzw-source/pkgs/build-support/nuke-references/default.nix'
evaluating file '/nix/store/ws6z2fm6q4wpw89rygxvrh08g104ixzw-source/pkgs/development/python-modules/sphinx/default.nix'
evaluating file '/nix/store/ws6z2fm6q4wpw89rygxvrh08g104ixzw-source/pkgs/development/python-modules/simplejson/default.nix'
evaluating file '/nix/store/ws6z2fm6q4wpw89rygxvrh08g104ixzw-source/pkgs/development/python-modules/pytest/default.nix'
evaluating file '/nix/store/ws6z2fm6q4wpw89rygxvrh08g104ixzw-source/pkgs/development/python-modules/more-itertools/default.nix'
evaluating file '/nix/store/ws6z2fm6q4wpw89rygxvrh08g104ixzw-source/pkgs/development/python-modules/html5lib/default.nix'
evaluating file '/nix/store/ws6z2fm6q4wpw89rygxvrh08g104ixzw-source/pkgs/development/python-modules/flake8/default.nix'
evaluating file '/nix/store/ws6z2fm6q4wpw89rygxvrh08g104ixzw-source/pkgs/development/python-modules/pytestrunner/default.nix'
evaluating file '/nix/store/ws6z2fm6q4wpw89rygxvrh08g104ixzw-source/pkgs/development/python-modules/entrypoints/default.nix'
evaluating file '/nix/store/ws6z2fm6q4wpw89rygxvrh08g104ixzw-source/pkgs/development/python-modules/pyflakes/default.nix'
evaluating file '/nix/store/ws6z2fm6q4wpw89rygxvrh08g104ixzw-source/pkgs/development/python-modules/pycodestyle/default.nix'
evaluating file '/nix/store/ws6z2fm6q4wpw89rygxvrh08g104ixzw-source/pkgs/development/python-modules/mccabe/default.nix'
evaluating file '/nix/store/ws6z2fm6q4wpw89rygxvrh08g104ixzw-source/pkgs/development/python-modules/pytest-expect/default.nix'
evaluating file '/nix/store/ws6z2fm6q4wpw89rygxvrh08g104ixzw-source/pkgs/development/python-modules/u-msgpack-python/default.nix'
evaluating file '/nix/store/ws6z2fm6q4wpw89rygxvrh08g104ixzw-source/pkgs/development/python-modules/webencodings/default.nix'
evaluating file '/nix/store/ws6z2fm6q4wpw89rygxvrh08g104ixzw-source/pkgs/development/python-modules/jinja2/default.nix'
evaluating file '/nix/store/ws6z2fm6q4wpw89rygxvrh08g104ixzw-source/pkgs/development/python-modules/markupsafe/default.nix'
evaluating file '/nix/store/ws6z2fm6q4wpw89rygxvrh08g104ixzw-source/pkgs/development/python-modules/Pygments/default.nix'
evaluating file '/nix/store/ws6z2fm6q4wpw89rygxvrh08g104ixzw-source/pkgs/development/python-modules/alabaster/default.nix'
evaluating file '/nix/store/ws6z2fm6q4wpw89rygxvrh08g104ixzw-source/pkgs/development/python-modules/Babel/default.nix'
evaluating file '/nix/store/ws6z2fm6q4wpw89rygxvrh08g104ixzw-source/pkgs/development/python-modules/freezegun/default.nix'
evaluating file '/nix/store/ws6z2fm6q4wpw89rygxvrh08g104ixzw-source/pkgs/development/python-modules/dateutil/default.nix'
evaluating file '/nix/store/ws6z2fm6q4wpw89rygxvrh08g104ixzw-source/pkgs/development/python-modules/snowballstemmer/default.nix'
evaluating file '/nix/store/ws6z2fm6q4wpw89rygxvrh08g104ixzw-source/pkgs/development/python-modules/pystemmer/default.nix'
evaluating file '/nix/store/ws6z2fm6q4wpw89rygxvrh08g104ixzw-source/pkgs/development/python-modules/Cython/default.nix'
evaluating file '/nix/store/ws6z2fm6q4wpw89rygxvrh08g104ixzw-source/pkgs/development/tools/misc/gdb/default.nix'
evaluating file '/nix/store/ws6z2fm6q4wpw89rygxvrh08g104ixzw-source/pkgs/development/python-modules/pkgconfig/default.nix'
evaluating file '/nix/store/ws6z2fm6q4wpw89rygxvrh08g104ixzw-source/pkgs/development/python-modules/sqlalchemy/default.nix'
evaluating file '/nix/store/ws6z2fm6q4wpw89rygxvrh08g104ixzw-source/pkgs/development/python-modules/whoosh/default.nix'
evaluating file '/nix/store/ws6z2fm6q4wpw89rygxvrh08g104ixzw-source/pkgs/development/python-modules/imagesize/default.nix'
evaluating file '/nix/store/ws6z2fm6q4wpw89rygxvrh08g104ixzw-source/pkgs/development/python-modules/requests/default.nix'
evaluating file '/nix/store/ws6z2fm6q4wpw89rygxvrh08g104ixzw-source/pkgs/development/python-modules/chardet/default.nix'
evaluating file '/nix/store/ws6z2fm6q4wpw89rygxvrh08g104ixzw-source/pkgs/development/python-modules/sphinxcontrib-websupport/default.nix'
evaluating file '/nix/store/ws6z2fm6q4wpw89rygxvrh08g104ixzw-source/pkgs/build-support/remove-references-to/default.nix'
evaluating file '/nix/store/zpz03qsk7w5x8m97xbx8bh2az46dxvrf-cabal2nix-hs-abci-types/default.nix'
evaluating file '/nix/store/y9c3c42jgmw4r06db1a79pnalqk7jkpy-cabal2nix-hs-abci-extra/default.nix'
evaluating file '/nix/store/1g6hsjv929jx7h84gis49mj01hcsh7p7-cabal2nix-hs-abci-server/default.nix'
evaluating file '/nix/store/il6xsl58zbawsbay08h8jj2308yg0q3n-cabal2nix-hs-abci-sdk/default.nix'
evaluating file '/nix/store/mq68cgfghxqfzpcg1lkv23jpz2bl72z3-cabal2nix-hs-tendermint-client/default.nix'
evaluating file '/nix/store/57m6ji6ncicw9d0gkyqij38gq1451h6f-cabal2nix-hs-iavl-client/default.nix'
evaluating file '/nix/store/6ln5nna0vxz24dbf378xsfr44602x1ln-cabal2nix-hs-abci-test-utils/default.nix'
evaluating file '/nix/store/fpxf2adi950pswxphzn3gpjm242cw401-cabal2nix-hciteservice/default.nix'
evaluating file '/nix/store/1da00ffckrrbcr4bbh5fnmsxykq25i9l-cabal2nix-common/default.nix'
evaluating file '/nix/store/kl8w26qj22fgj0kc9l50a0vxiyfk9chk-cabal2nix-backend/default.nix'
evaluating file '/nix/store/r8pjsv7sii2md1pgimxm0hi3ijcl0kab-cabal2nix-frontend/default.nix'
evaluating file '/nix/store/ws6z2fm6q4wpw89rygxvrh08g104ixzw-source/pkgs/development/haskell-modules/with-packages-wrapper.nix'
evaluating file '/nix/store/n2q3nq28dv4wkivzawi29325b06rxscm-cabal2nix-prometheus-2.1.3/default.nix'
evaluating file '/nix/store/27hgbfyhd51rniqlic76282kqbaznw80-cabal2nix-avl-auth/default.nix'
evaluating file '/nix/store/dpz008msmcbqcahj05cya4vyk023pili-cabal2nix-http2-client-grpc/default.nix'
evaluating file '/nix/store/rbq5swjpsr0i7ch2y4xj40202vrq71ww-cabal2nix-polysemy/default.nix'
evaluating file '/nix/store/dnvjhrgmg3qc49n6lncxxdp1ggm2mqx7-cabal2nix-polysemy-plugin/default.nix'
evaluating file '/nix/store/rff7swd2hwd29761iha13ar7n3qyy99z-cabal2nix-polysemy-zoo/default.nix'
evaluating file '/nix/store/pns5dx5zaji9c2lkhy2yvyxqr169plc6-cabal2nix-proto3-suite-0.4.0.0/default.nix'
evaluating file '/nix/store/kq3fdhrxjn6nha2a12hvzsx2jmfmga71-cabal2nix-proto3-wire-1.1.0/default.nix'
evaluating file '/nix/store/ws6z2fm6q4wpw89rygxvrh08g104ixzw-source/pkgs/development/python-modules/functools32/default.nix'
evaluating file '/nix/store/ws6z2fm6q4wpw89rygxvrh08g104ixzw-source/pkgs/development/python-modules/typing/default.nix'
evaluating file '/nix/store/ws6z2fm6q4wpw89rygxvrh08g104ixzw-source/pkgs/development/python-modules/pysqlite/default.nix'
evaluating file '/nix/store/ws6z2fm6q4wpw89rygxvrh08g104ixzw-source/pkgs/development/python-modules/recommonmark/default.nix'
evaluating file '/nix/store/ws6z2fm6q4wpw89rygxvrh08g104ixzw-source/pkgs/development/python-modules/commonmark/default.nix'
evaluating file '/nix/store/ws6z2fm6q4wpw89rygxvrh08g104ixzw-source/pkgs/development/python-modules/future/default.nix'
evaluating file '/nix/store/ws6z2fm6q4wpw89rygxvrh08g104ixzw-source/pkgs/development/python-modules/sphinx_rtd_theme/default.nix'
evaluating file '/nix/store/ws6z2fm6q4wpw89rygxvrh08g104ixzw-source/pkgs/development/python-modules/readthedocs-sphinx-ext/default.nix'
evaluating file '/nix/store/vblp4xy86422ypmwh9x8r1r43p3d8afm-cabal2nix-bloodhound-0.16.0.0/default.nix'
evaluating file '/nix/store/qrism7gcc8a9hf0j717xnr4naapx3xgf-cabal2nix-katip-elasticsearch-0.6.0.0/default.nix'
evaluating file '/nix/store/i7i1zq7wx58r3m2ryqzx57fvm3dfbi1f-cabal2nix-otherlibs/default.nix'
evaluating file '/nix/store/kn6zvdqlz0dy2sx99p51zyfxa5ik4l5z-cabal2nix-bulmex/default.nix'
evaluating file '/nix/store/dqmjwyxcg8a325clv4mvnzlsimxc175r-cabal2nix-dependent-map-0.3/default.nix'
evaluating file '/nix/store/7zf01fkyw9wx1knmy0jg4v38ma0wwm42-cabal2nix-dependent-sum-0.6.2.0/default.nix'
evaluating file '/nix/store/2dkwlc5lrfq1m6fzvzghfw260231ic83-cabal2nix-jsaddle/default.nix'
evaluating file '/nix/store/a3az2d14bv576fxd52ax057895ziy2n5-cabal2nix-jsaddle-dom/default.nix'
evaluating file '/nix/store/qjnjz531abf2k7p0zz7jcq5vmc0wy992-cabal2nix-reflex/default.nix'
evaluating file '/nix/store/fbm9cfhs5lb36phxjh4pkmr161pd87l3-cabal2nix-reflex-dom/default.nix'
evaluating file '/nix/store/5cwdlq707m6151jx19r1b2pmm3jk1bv1-cabal2nix-witherable-0.3.1/default.nix'
evaluating file '/nix/store/ws6z2fm6q4wpw89rygxvrh08g104ixzw-source/pkgs/tools/security/secp256k1/default.nix'
evaluating file '/nix/store/ws6z2fm6q4wpw89rygxvrh08g104ixzw-source/pkgs/development/libraries/protobuf/3.7.nix'
evaluating file '/nix/store/ws6z2fm6q4wpw89rygxvrh08g104ixzw-source/pkgs/development/libraries/protobuf/generic-v3.nix'
evaluating file '/nix/store/ws6z2fm6q4wpw89rygxvrh08g104ixzw-source/pkgs/development/libraries/gtest/default.nix'
evaluating file '/nix/store/ws6z2fm6q4wpw89rygxvrh08g104ixzw-source/pkgs/development/compilers/closure/default.nix'
evaluating file '/nix/store/ws6z2fm6q4wpw89rygxvrh08g104ixzw-source/pkgs/development/compilers/openjdk/8.nix'
evaluating file '/nix/store/ws6z2fm6q4wpw89rygxvrh08g104ixzw-source/pkgs/tools/misc/file/default.nix'
evaluating file '/nix/store/ws6z2fm6q4wpw89rygxvrh08g104ixzw-source/pkgs/tools/archivers/zip/default.nix'
evaluating file '/nix/store/ws6z2fm6q4wpw89rygxvrh08g104ixzw-source/pkgs/development/compilers/adoptopenjdk-bin/jdk8-linux.nix'
evaluating file '/nix/store/ws6z2fm6q4wpw89rygxvrh08g104ixzw-source/pkgs/development/compilers/adoptopenjdk-bin/jdk-linux-base.nix'
evaluating file '/nix/store/ws6z2fm6q4wpw89rygxvrh08g104ixzw-source/pkgs/os-specific/linux/alsa-lib/default.nix'
evaluating file '/nix/store/ws6z2fm6q4wpw89rygxvrh08g104ixzw-source/pkgs/development/libraries/freetype/default.nix'
evaluating file '/nix/store/ws6z2fm6q4wpw89rygxvrh08g104ixzw-source/pkgs/development/libraries/glib/default.nix'
evaluating file '/nix/store/ws6z2fm6q4wpw89rygxvrh08g104ixzw-source/pkgs/development/libraries/libpng/default.nix'
evaluating file '/nix/store/ws6z2fm6q4wpw89rygxvrh08g104ixzw-source/pkgs/development/libraries/fontconfig/default.nix'
evaluating file '/nix/store/ws6z2fm6q4wpw89rygxvrh08g104ixzw-source/pkgs/data/fonts/dejavu-fonts/default.nix'
evaluating file '/nix/store/ws6z2fm6q4wpw89rygxvrh08g104ixzw-source/pkgs/tools/misc/fontforge/default.nix'
evaluating file '/nix/store/ws6z2fm6q4wpw89rygxvrh08g104ixzw-source/pkgs/development/libraries/uthash/default.nix'
evaluating file '/nix/store/ws6z2fm6q4wpw89rygxvrh08g104ixzw-source/pkgs/development/web/woff2/default.nix'
evaluating file '/nix/store/ws6z2fm6q4wpw89rygxvrh08g104ixzw-source/pkgs/development/libraries/zeromq/4.x.nix'
evaluating file '/nix/store/ws6z2fm6q4wpw89rygxvrh08g104ixzw-source/pkgs/os-specific/linux/libselinux/default.nix'
evaluating file '/nix/store/ws6z2fm6q4wpw89rygxvrh08g104ixzw-source/pkgs/development/tools/misc/swig/3.x.nix'
evaluating file '/nix/store/ws6z2fm6q4wpw89rygxvrh08g104ixzw-source/pkgs/os-specific/linux/libsepol/default.nix'
evaluating file '/nix/store/ws6z2fm6q4wpw89rygxvrh08g104ixzw-source/pkgs/development/tools/build-managers/meson/default.nix'
evaluating file '/nix/store/ws6z2fm6q4wpw89rygxvrh08g104ixzw-source/pkgs/development/tools/build-managers/ninja/default.nix'
evaluating file '/nix/store/ws6z2fm6q4wpw89rygxvrh08g104ixzw-source/pkgs/development/tools/parsing/re2c/default.nix'
evaluating file '/nix/store/ws6z2fm6q4wpw89rygxvrh08g104ixzw-source/pkgs/development/tools/documentation/gtk-doc/default.nix'
evaluating file '/nix/store/ws6z2fm6q4wpw89rygxvrh08g104ixzw-source/pkgs/build-support/fetchgitlab/default.nix'
evaluating file '/nix/store/ws6z2fm6q4wpw89rygxvrh08g104ixzw-source/pkgs/development/libraries/giflib/libungif.nix'
evaluating file '/nix/store/ws6z2fm6q4wpw89rygxvrh08g104ixzw-source/pkgs/development/libraries/libjpeg-turbo/default.nix'
evaluating file '/nix/store/ws6z2fm6q4wpw89rygxvrh08g104ixzw-source/pkgs/development/compilers/nasm/default.nix'
evaluating file '/nix/store/ws6z2fm6q4wpw89rygxvrh08g104ixzw-source/pkgs/build-support/fetchrepoorcz/default.nix'
evaluating file '/nix/store/ws6z2fm6q4wpw89rygxvrh08g104ixzw-source/pkgs/development/libraries/libtiff/default.nix'
evaluating file '/nix/store/ws6z2fm6q4wpw89rygxvrh08g104ixzw-source/pkgs/development/tools/gnulib/default.nix'
evaluating file '/nix/store/ws6z2fm6q4wpw89rygxvrh08g104ixzw-source/pkgs/build-support/fetchgit/default.nix'
evaluating file '/nix/store/ws6z2fm6q4wpw89rygxvrh08g104ixzw-source/pkgs/data/misc/cacert/default.nix'
evaluating file '/nix/store/ws6z2fm6q4wpw89rygxvrh08g104ixzw-source/pkgs/development/libraries/nss/default.nix'
evaluating file '/nix/store/ws6z2fm6q4wpw89rygxvrh08g104ixzw-source/pkgs/development/tools/misc/gperf/default.nix'
evaluating file '/nix/store/ws6z2fm6q4wpw89rygxvrh08g104ixzw-source/pkgs/misc/cups/default.nix'
evaluating file '/nix/store/ws6z2fm6q4wpw89rygxvrh08g104ixzw-source/pkgs/development/libraries/libusb1/default.nix'
evaluating file '/nix/store/ws6z2fm6q4wpw89rygxvrh08g104ixzw-source/pkgs/os-specific/linux/systemd/default.nix'
evaluating file '/nix/store/ws6z2fm6q4wpw89rygxvrh08g104ixzw-source/pkgs/os-specific/linux/kexectools/default.nix'
evaluating file '/nix/store/ws6z2fm6q4wpw89rygxvrh08g104ixzw-source/pkgs/os-specific/linux/libcap/default.nix'
evaluating file '/nix/store/ws6z2fm6q4wpw89rygxvrh08g104ixzw-source/pkgs/os-specific/linux/kmod/default.nix'
evaluating file '/nix/store/ws6z2fm6q4wpw89rygxvrh08g104ixzw-source/pkgs/development/libraries/libgcrypt/default.nix'
evaluating file '/nix/store/ws6z2fm6q4wpw89rygxvrh08g104ixzw-source/pkgs/development/libraries/libgpg-error/default.nix'
evaluating file '/nix/store/ws6z2fm6q4wpw89rygxvrh08g104ixzw-source/pkgs/development/libraries/libidn2/default.nix'
evaluating file '/nix/store/ws6z2fm6q4wpw89rygxvrh08g104ixzw-source/pkgs/development/libraries/libunistring/default.nix'
evaluating file '/nix/store/ws6z2fm6q4wpw89rygxvrh08g104ixzw-source/pkgs/development/libraries/libmicrohttpd/default.nix'
evaluating file '/nix/store/ws6z2fm6q4wpw89rygxvrh08g104ixzw-source/pkgs/development/libraries/gnutls/default.nix'
evaluating file '/nix/store/ws6z2fm6q4wpw89rygxvrh08g104ixzw-source/pkgs/development/libraries/libtasn1/default.nix'
evaluating file '/nix/store/ws6z2fm6q4wpw89rygxvrh08g104ixzw-source/pkgs/development/libraries/libidn/default.nix'
evaluating file '/nix/store/ws6z2fm6q4wpw89rygxvrh08g104ixzw-source/pkgs/development/libraries/p11-kit/default.nix'
evaluating file '/nix/store/ws6z2fm6q4wpw89rygxvrh08g104ixzw-source/pkgs/development/tools/misc/autogen/default.nix'
evaluating file '/nix/store/ws6z2fm6q4wpw89rygxvrh08g104ixzw-source/pkgs/development/interpreters/guile/2.0.nix'
evaluating file '/nix/store/ws6z2fm6q4wpw89rygxvrh08g104ixzw-source/pkgs/tools/networking/unbound/default.nix'
evaluating file '/nix/store/ws6z2fm6q4wpw89rygxvrh08g104ixzw-source/pkgs/development/libraries/nettle/default.nix'
evaluating file '/nix/store/ws6z2fm6q4wpw89rygxvrh08g104ixzw-source/pkgs/development/libraries/nettle/generic.nix'
evaluating file '/nix/store/ws6z2fm6q4wpw89rygxvrh08g104ixzw-source/pkgs/development/libraries/libevent/default.nix'
evaluating file '/nix/store/ws6z2fm6q4wpw89rygxvrh08g104ixzw-source/pkgs/data/misc/dns-root-data/default.nix'
evaluating file '/nix/store/ws6z2fm6q4wpw89rygxvrh08g104ixzw-source/pkgs/os-specific/linux/net-tools/default.nix'
evaluating file '/nix/store/ws6z2fm6q4wpw89rygxvrh08g104ixzw-source/pkgs/os-specific/linux/audit/default.nix'
evaluating file '/nix/store/ws6z2fm6q4wpw89rygxvrh08g104ixzw-source/pkgs/os-specific/linux/apparmor/default.nix'
evaluating file '/nix/store/ws6z2fm6q4wpw89rygxvrh08g104ixzw-source/pkgs/os-specific/linux/iptables/default.nix'
evaluating file '/nix/store/ws6z2fm6q4wpw89rygxvrh08g104ixzw-source/pkgs/development/libraries/libnetfilter_conntrack/default.nix'
evaluating file '/nix/store/ws6z2fm6q4wpw89rygxvrh08g104ixzw-source/pkgs/development/libraries/libmnl/default.nix'
evaluating file '/nix/store/ws6z2fm6q4wpw89rygxvrh08g104ixzw-source/pkgs/development/libraries/libnfnetlink/default.nix'
evaluating file '/nix/store/ws6z2fm6q4wpw89rygxvrh08g104ixzw-source/pkgs/development/libraries/libnftnl/default.nix'
evaluating file '/nix/store/ws6z2fm6q4wpw89rygxvrh08g104ixzw-source/pkgs/development/libraries/libpcap/default.nix'
evaluating file '/nix/store/ws6z2fm6q4wpw89rygxvrh08g104ixzw-source/pkgs/development/libraries/gnu-efi/default.nix'
evaluating file '/nix/store/ws6z2fm6q4wpw89rygxvrh08g104ixzw-source/pkgs/tools/system/pciutils/default.nix'
evaluating file '/nix/store/ws6z2fm6q4wpw89rygxvrh08g104ixzw-source/pkgs/os-specific/linux/kbd/default.nix'
evaluating file '/nix/store/ws6z2fm6q4wpw89rygxvrh08g104ixzw-source/pkgs/development/libraries/check/default.nix'
evaluating file '/nix/store/ws6z2fm6q4wpw89rygxvrh08g104ixzw-source/pkgs/data/sgml+xml/schemas/xml-dtd/docbook/4.2.nix'
evaluating file '/nix/store/ws6z2fm6q4wpw89rygxvrh08g104ixzw-source/pkgs/top-level/unix-tools.nix'
evaluating file '/nix/store/ws6z2fm6q4wpw89rygxvrh08g104ixzw-source/pkgs/development/interpreters/python/with-packages.nix'
evaluating file '/nix/store/ws6z2fm6q4wpw89rygxvrh08g104ixzw-source/pkgs/development/interpreters/python/wrapper.nix'
evaluating file '/nix/store/ws6z2fm6q4wpw89rygxvrh08g104ixzw-source/pkgs/development/python-modules/lxml/default.nix'
evaluating file '/nix/store/ws6z2fm6q4wpw89rygxvrh08g104ixzw-source/pkgs/development/libraries/libpaper/default.nix'
evaluating file '/nix/store/ws6z2fm6q4wpw89rygxvrh08g104ixzw-source/pkgs/development/libraries/avahi/default.nix'
evaluating file '/nix/store/ws6z2fm6q4wpw89rygxvrh08g104ixzw-source/pkgs/development/libraries/libdaemon/default.nix'
evaluating file '/nix/store/ws6z2fm6q4wpw89rygxvrh08g104ixzw-source/pkgs/development/libraries/dbus/default.nix'
evaluating file '/nix/store/ws6z2fm6q4wpw89rygxvrh08g104ixzw-source/pkgs/development/libraries/giflib/5.1.nix'
evaluating file '/nix/store/ws6z2fm6q4wpw89rygxvrh08g104ixzw-source/pkgs/development/libraries/gtk/2.x.nix'
evaluating file '/nix/store/ws6z2fm6q4wpw89rygxvrh08g104ixzw-source/pkgs/development/libraries/gobject-introspection/default.nix'
evaluating file '/nix/store/ws6z2fm6q4wpw89rygxvrh08g104ixzw-source/pkgs/development/libraries/cairo/default.nix'
evaluating file '/nix/store/ws6z2fm6q4wpw89rygxvrh08g104ixzw-source/pkgs/development/libraries/mesa/stubs.nix'
evaluating file '/nix/store/ws6z2fm6q4wpw89rygxvrh08g104ixzw-source/pkgs/development/libraries/pixman/default.nix'
evaluating file '/nix/store/ws6z2fm6q4wpw89rygxvrh08g104ixzw-source/pkgs/development/libraries/libglvnd/default.nix'
evaluating file '/nix/store/ws6z2fm6q4wpw89rygxvrh08g104ixzw-source/pkgs/build-support/add-opengl-runpath/default.nix'
evaluating file '/nix/store/ws6z2fm6q4wpw89rygxvrh08g104ixzw-source/pkgs/development/libraries/mesa/default.nix'
evaluating file '/nix/store/ws6z2fm6q4wpw89rygxvrh08g104ixzw-source/pkgs/development/compilers/llvm/7/default.nix'
evaluating file '/nix/store/ws6z2fm6q4wpw89rygxvrh08g104ixzw-source/pkgs/development/compilers/llvm/7/llvm.nix'
evaluating file '/nix/store/ws6z2fm6q4wpw89rygxvrh08g104ixzw-source/pkgs/development/libraries/libpfm/default.nix'
evaluating file '/nix/store/ws6z2fm6q4wpw89rygxvrh08g104ixzw-source/pkgs/development/libraries/libbfd/default.nix'
evaluating file '/nix/store/ws6z2fm6q4wpw89rygxvrh08g104ixzw-source/pkgs/development/libraries/libiberty/default.nix'
evaluating file '/nix/store/ws6z2fm6q4wpw89rygxvrh08g104ixzw-source/pkgs/development/libraries/gnu-config/default.nix'
evaluating file '/nix/store/ws6z2fm6q4wpw89rygxvrh08g104ixzw-source/pkgs/development/libraries/libvdpau/default.nix'
evaluating file '/nix/store/ws6z2fm6q4wpw89rygxvrh08g104ixzw-source/pkgs/development/libraries/wayland/default.nix'
evaluating file '/nix/store/ws6z2fm6q4wpw89rygxvrh08g104ixzw-source/pkgs/development/libraries/wayland/protocols.nix'
evaluating file '/nix/store/ws6z2fm6q4wpw89rygxvrh08g104ixzw-source/pkgs/development/libraries/libomxil-bellagio/default.nix'
evaluating file '/nix/store/ws6z2fm6q4wpw89rygxvrh08g104ixzw-source/pkgs/development/libraries/libva/default.nix'
evaluating file '/nix/store/ws6z2fm6q4wpw89rygxvrh08g104ixzw-source/pkgs/development/libraries/libdrm/default.nix'
evaluating file '/nix/store/ws6z2fm6q4wpw89rygxvrh08g104ixzw-source/pkgs/development/tools/analysis/valgrind/default.nix'
evaluating file '/nix/store/ws6z2fm6q4wpw89rygxvrh08g104ixzw-source/pkgs/development/python-modules/Mako/default.nix'
evaluating file '/nix/store/ws6z2fm6q4wpw89rygxvrh08g104ixzw-source/pkgs/development/libraries/pango/default.nix'
evaluating file '/nix/store/ws6z2fm6q4wpw89rygxvrh08g104ixzw-source/pkgs/development/libraries/fontconfig/make-fonts-conf.nix'
evaluating file '/nix/store/ws6z2fm6q4wpw89rygxvrh08g104ixzw-source/pkgs/data/fonts/freefont-ttf/default.nix'
evaluating file '/nix/store/ws6z2fm6q4wpw89rygxvrh08g104ixzw-source/pkgs/development/libraries/harfbuzz/default.nix'
evaluating file '/nix/store/ws6z2fm6q4wpw89rygxvrh08g104ixzw-source/pkgs/development/libraries/silgraphite/graphite2.nix'
evaluating file '/nix/store/ws6z2fm6q4wpw89rygxvrh08g104ixzw-source/pkgs/development/libraries/fribidi/default.nix'
evaluating file '/nix/store/ws6z2fm6q4wpw89rygxvrh08g104ixzw-source/pkgs/development/libraries/gdk-pixbuf/default.nix'
evaluating file '/nix/store/ws6z2fm6q4wpw89rygxvrh08g104ixzw-source/pkgs/development/libraries/jasper/default.nix'
evaluating file '/nix/store/ws6z2fm6q4wpw89rygxvrh08g104ixzw-source/pkgs/development/libraries/atk/default.nix'
evaluating file '/nix/store/ws6z2fm6q4wpw89rygxvrh08g104ixzw-source/pkgs/desktops/gnome-2/platform/gnome-vfs/default.nix'
evaluating file '/nix/store/ws6z2fm6q4wpw89rygxvrh08g104ixzw-source/pkgs/development/libraries/dbus-glib/default.nix'
evaluating file '/nix/store/ws6z2fm6q4wpw89rygxvrh08g104ixzw-source/pkgs/development/libraries/gamin/default.nix'
evaluating file '/nix/store/ws6z2fm6q4wpw89rygxvrh08g104ixzw-source/pkgs/development/libraries/gamin/debian-patches.nix'
evaluating file '/nix/store/ws6z2fm6q4wpw89rygxvrh08g104ixzw-source/pkgs/applications/audio/cdparanoia/default.nix'
evaluating file '/nix/store/ws6z2fm6q4wpw89rygxvrh08g104ixzw-source/pkgs/desktops/gnome-2/platform/gnome-mime-data/default.nix'
evaluating file '/nix/store/ws6z2fm6q4wpw89rygxvrh08g104ixzw-source/pkgs/desktops/gnome-2/platform/GConf/default.nix'
evaluating file '/nix/store/ws6z2fm6q4wpw89rygxvrh08g104ixzw-source/pkgs/desktops/gnome-2/platform/ORBit2/default.nix'
evaluating file '/nix/store/ws6z2fm6q4wpw89rygxvrh08g104ixzw-source/pkgs/desktops/gnome-2/platform/libIDL/default.nix'
evaluating file '/nix/store/ws6z2fm6q4wpw89rygxvrh08g104ixzw-source/pkgs/development/libraries/polkit/default.nix'
evaluating file '/nix/store/ws6z2fm6q4wpw89rygxvrh08g104ixzw-source/pkgs/development/interpreters/spidermonkey/60.nix'
evaluating file '/nix/store/ws6z2fm6q4wpw89rygxvrh08g104ixzw-source/pkgs/development/tools/misc/autoconf/2.13.nix'
evaluating file '/nix/store/ws6z2fm6q4wpw89rygxvrh08g104ixzw-source/pkgs/data/fonts/redhat-liberation-fonts/default.nix'
evaluating file '/nix/store/ws6z2fm6q4wpw89rygxvrh08g104ixzw-source/pkgs/development/python-modules/fonttools/default.nix'
evaluating file '/nix/store/ws6z2fm6q4wpw89rygxvrh08g104ixzw-source/pkgs/development/python-modules/numpy/default.nix'
evaluating file '/nix/store/ws6z2fm6q4wpw89rygxvrh08g104ixzw-source/pkgs/development/libraries/science/math/openblas/default.nix'
evaluating file '/nix/store/ws6z2fm6q4wpw89rygxvrh08g104ixzw-source/pkgs/development/compilers/gcc/7/default.nix'
evaluating file '/nix/store/ws6z2fm6q4wpw89rygxvrh08g104ixzw-source/lib/generators.nix'
evaluating file '/home/aku/Documents/kerja/devKit/reflex-platform/haskell-overlays/hie/default.nix'
evaluating file '/nix/store/hba4akrvyyfsr69r1ckn5fy0c8jl2n9k-cabal2nix-haskell-ide-engine/default.nix'
evaluating file '/nix/store/bz7pgapnvm5rb29vm4k244p6qjq6p0br-cabal2nix-brittany-0.12.0.0/default.nix'
evaluating file '/nix/store/b7bfisqlcl0sl2b6j6810ra6fq11d1j6-cabal2nix-butcher-1.3.2.3/default.nix'
evaluating file '/nix/store/5sps767p6dhvfqw1003q03y6qkd4y3zk-cabal2nix-deque-0.4.2.3/default.nix'
evaluating file '/nix/store/zmfa8sdc7qnskpc5gkwb4cqs8923pglz-cabal2nix-strict-list-0.1.4/default.nix'
evaluating file '/nix/store/y4pp7jf8xai87lpk35659mky1alg61c1-cabal2nix-multistate-0.8.0.2/default.nix'
evaluating file '/nix/store/qn4qxn07222pvs595czfiyq49vh3bfpy-cabal2nix-cabal-helper/default.nix'
evaluating file '/nix/store/5vhqrs5l1ngr9f0267kkbn28s35nfrkw-cabal2nix-floskell-0.10.1/default.nix'
evaluating file '/nix/store/62hfxc68p1x75bjk5gwszmynps7bsdps-cabal2nix-monad-dijkstra-0.1.1.2/default.nix'
evaluating file '/nix/store/d5rfzx9sbv4aq0249jzh5whzjrcicmcj-cabal2nix-ghc-mod/default.nix'
evaluating file '/nix/store/h3q3zzg7n3d724fg0j57qdrn29wfqmgn-cabal2nix-ghc-mod-core/default.nix'
evaluating file '/nix/store/wlqii69pd7hxizbaz4hrx25ari9gr7hg-cabal2nix-ghc-project-types/default.nix'
evaluating file '/nix/store/w0l6cs526xrihv2c1s2wy1dzpq0xwvcb-cabal2nix-haddock-api-2.22.0/default.nix'
evaluating file '/nix/store/rach4jhrb6my8riyy1341shpd62l6zll-cabal2nix-HaRe/default.nix'
evaluating file '/nix/store/aksg4hj9f32zqnzwx16sv4dl6kc3rg95-cabal2nix-hie-ide-engine/default.nix'
evaluating file '/nix/store/nn135d3lxhkg2x0wk3k62fm46wk147n4-cabal2nix-constrained-dynamic-0.1.0.0/default.nix'
evaluating file '/nix/store/nd3b526jxsjfixnisbysvnlwmda2ici7-cabal2nix-haskell-lsp-0.15.0.0/default.nix'
evaluating file '/nix/store/kp4ydvcqszhcvjlxrr5mv38j9557cyaf-cabal2nix-rope-utf16-splay-0.3.1.0/default.nix'
evaluating file '/nix/store/8r74msr8p8n5fiy15fjwakf7zw57y550-cabal2nix-haskell-lsp-types-0.15.0.0/default.nix'
evaluating file '/nix/store/wnjzz020g89dyjpqpajjy1sgzd8scx8h-cabal2nix-hlint-2.2.2/default.nix'
evaluating file '/nix/store/ms5fpkmhb4za1xp22qadvb53dzqmn59c-cabal2nix-ghc-lib-parser-8.8.0.20190723/default.nix'
evaluating file '/nix/store/n60m6n08cxglma4shddb2yh8l5z7rmyj-cabal2nix-haskell-src-exts-util-0.2.5/default.nix'
evaluating file '/nix/store/slj68l70qzgbylkpf0m9a1yhpz3dq3yf-cabal2nix-unix-time-0.4.7/default.nix'
evaluating file '/nix/store/i8zvrh8ikbrqq5193pr12hpgsxqripbc-cabal2nix-hsimport-0.10.0/default.nix'
evaluating file '/nix/store/ws6z2fm6q4wpw89rygxvrh08g104ixzw-source/pkgs/development/web/nodejs/v10.nix'
evaluating file '/nix/store/ws6z2fm6q4wpw89rygxvrh08g104ixzw-source/pkgs/development/web/nodejs/nodejs.nix'
evaluating file '/nix/store/ws6z2fm6q4wpw89rygxvrh08g104ixzw-source/pkgs/development/libraries/http-parser/default.nix'
evaluating file '/nix/store/11ikydbr7qnw5mdpwaa8k14dhpziwadk-cabal2nix-reflex-ghci/default.nix'
evaluating file '/nix/store/6npsflqi4wls0a5azlh2pkqvr5w72cx7-cabal2nix-constraints-extras-0.3.0.1/default.nix'
evaluating file '/nix/store/p4dgc8andh73mmhgj6s2zsav765kdf22-cabal2nix-monoidal-containers-0.6/default.nix'
evaluating file '/nix/store/q2fxqjf70lln0mxfpgdq7mv4i8hgl3xa-cabal2nix-semialign-1/default.nix'
evaluating file '/nix/store/c6ww7nsv4hc0m3qr41pw7gi8ms5f4hiy-cabal2nix-these-1/default.nix'
evaluating file '/nix/store/5m8yzr2fmx9syw5lyf893lad4sbdqabg-cabal2nix-patch/default.nix'
evaluating file '/nix/store/v54i7kdbv8sk0pinlfbpisnp2amw9ybn-cabal2nix-these-lens-1/default.nix'
evaluating file '/nix/store/h88nd80yd4qw2kihk48shgl8wdvsawwl-cabal2nix-reflex-process/default.nix'
evaluating file '/nix/store/82i7z6nd16vp9sh40sz7f1df40hnb9fj-cabal2nix-reflex-vty-0.1.3.0/default.nix'
evaluating file '/nix/store/hb5xhi8pr0072ilc78mqxxlcy4fy8w8h-cabal2nix-bimap-0.3.3/default.nix'
evaluating file '/nix/store/03gpg2jc0rmjlsz8802acqc29bki5w8b-cabal2nix-reflex-fsnotify/default.nix'
evaluating file '/nix/store/yz0035hqkpdsz624qfba0rlrdq9mscry-cabal2nix-stylish-haskell-0.9.2.2/default.nix'
evaluating file '/nix/store/7qac96cpgp6qsvrimwpki1g45kzlrn6b-cabal2nix-reflex-dom-core/default.nix'
evaluating file '/nix/store/whqagnb4vgvqac4s5i94srfwnr9x6rv0-cabal2nix-chrome-test-utils/default.nix'
evaluating file '/nix/store/sgwv7x7p4aj2nqh4jsa3hw56nwfkr6vf-cabal2nix-dependent-sum-template-0.1.0.0/default.nix'
evaluating file '/nix/store/4mx8sfx2rk97i5n1f4cdj9mk8kxrdbqx-cabal2nix-ghcjs-dom/default.nix'
evaluating file '/nix/store/bqylavykz8dlhyphhw928vny26dq3f12-cabal2nix-ghcjs-dom-jsaddle/default.nix'
evaluating file '/nix/store/ws6z2fm6q4wpw89rygxvrh08g104ixzw-source/pkgs/build-support/fetchbitbucket/default.nix'
evaluating file '/nix/store/6l6avs8qysifzsz60hzjcvnpf7y5ibsz-cabal2nix-hspec-webdriver/default.nix'
evaluating file '/nix/store/npc1qck5pbccbvg95l4p88bmm9ask69f-cabal2nix-jsaddle-warp/default.nix'
evaluating file '/nix/store/mnivj00dzdghx0q4i12sa0i1qlkqjmv0-cabal2nix-which-0.1.0.0/default.nix'
evaluating file '/nix/store/ws6z2fm6q4wpw89rygxvrh08g104ixzw-source/pkgs/development/tools/selenium/server/default.nix'
evaluating file '/nix/store/ws6z2fm6q4wpw89rygxvrh08g104ixzw-source/pkgs/development/tools/selenium/htmlunit-driver/default.nix'
evaluating file '/nix/store/ws6z2fm6q4wpw89rygxvrh08g104ixzw-source/pkgs/development/tools/selenium/chromedriver/default.nix'
evaluating file '/nix/store/ws6z2fm6q4wpw89rygxvrh08g104ixzw-source/pkgs/development/libraries/nspr/default.nix'
evaluating file '/nix/store/ws6z2fm6q4wpw89rygxvrh08g104ixzw-source/pkgs/applications/networking/browsers/chromium/default.nix'
evaluating file '/nix/store/ws6z2fm6q4wpw89rygxvrh08g104ixzw-source/pkgs/development/compilers/llvm/8/default.nix'
evaluating file '/nix/store/ws6z2fm6q4wpw89rygxvrh08g104ixzw-source/pkgs/applications/networking/browsers/chromium/browser.nix'
evaluating file '/nix/store/ws6z2fm6q4wpw89rygxvrh08g104ixzw-source/pkgs/applications/networking/browsers/chromium/common.nix'
evaluating file '/nix/store/ws6z2fm6q4wpw89rygxvrh08g104ixzw-source/pkgs/applications/networking/browsers/chromium/update.nix'
evaluating file '/nix/store/ws6z2fm6q4wpw89rygxvrh08g104ixzw-source/pkgs/applications/networking/browsers/chromium/upstream-info.nix'
evaluating file '/nix/store/ws6z2fm6q4wpw89rygxvrh08g104ixzw-source/pkgs/applications/audio/flac/default.nix'
evaluating file '/nix/store/ws6z2fm6q4wpw89rygxvrh08g104ixzw-source/pkgs/development/libraries/libogg/default.nix'
evaluating file '/nix/store/ws6z2fm6q4wpw89rygxvrh08g104ixzw-source/pkgs/development/libraries/speex/default.nix'
evaluating file '/nix/store/ws6z2fm6q4wpw89rygxvrh08g104ixzw-source/pkgs/development/libraries/fftw/default.nix'
evaluating file '/nix/store/ws6z2fm6q4wpw89rygxvrh08g104ixzw-source/pkgs/development/libraries/speexdsp/default.nix'
evaluating file '/nix/store/ws6z2fm6q4wpw89rygxvrh08g104ixzw-source/pkgs/development/libraries/libopus/default.nix'
evaluating file '/nix/store/ws6z2fm6q4wpw89rygxvrh08g104ixzw-source/pkgs/development/libraries/snappy/default.nix'
evaluating file '/nix/store/ws6z2fm6q4wpw89rygxvrh08g104ixzw-source/pkgs/tools/X11/xdg-utils/default.nix'
evaluating file '/nix/store/ws6z2fm6q4wpw89rygxvrh08g104ixzw-source/pkgs/development/libraries/xlibs-wrapper/default.nix'
evaluating file '/nix/store/ws6z2fm6q4wpw89rygxvrh08g104ixzw-source/pkgs/development/compilers/yasm/default.nix'
evaluating file '/nix/store/ws6z2fm6q4wpw89rygxvrh08g104ixzw-source/pkgs/development/libraries/minizip/default.nix'
evaluating file '/nix/store/ws6z2fm6q4wpw89rygxvrh08g104ixzw-source/pkgs/development/libraries/libwebp/default.nix'
evaluating file '/nix/store/ws6z2fm6q4wpw89rygxvrh08g104ixzw-source/pkgs/development/libraries/re2/default.nix'
evaluating file '/nix/store/ws6z2fm6q4wpw89rygxvrh08g104ixzw-source/pkgs/development/libraries/ffmpeg/3.4.nix'
evaluating file '/nix/store/ws6z2fm6q4wpw89rygxvrh08g104ixzw-source/pkgs/development/libraries/ffmpeg/generic.nix'
evaluating file '/nix/store/ws6z2fm6q4wpw89rygxvrh08g104ixzw-source/pkgs/development/libraries/lame/default.nix'
evaluating file '/nix/store/ws6z2fm6q4wpw89rygxvrh08g104ixzw-source/pkgs/development/libraries/libass/default.nix'
evaluating file '/nix/store/ws6z2fm6q4wpw89rygxvrh08g104ixzw-source/pkgs/tools/text/enca/default.nix'
evaluating file '/nix/store/ws6z2fm6q4wpw89rygxvrh08g104ixzw-source/pkgs/tools/text/recode/default.nix'
evaluating file '/nix/store/ws6z2fm6q4wpw89rygxvrh08g104ixzw-source/pkgs/development/libraries/libssh/default.nix'
evaluating file '/nix/store/ws6z2fm6q4wpw89rygxvrh08g104ixzw-source/pkgs/development/libraries/libtheora/default.nix'
evaluating file '/nix/store/ws6z2fm6q4wpw89rygxvrh08g104ixzw-source/pkgs/development/libraries/libvorbis/default.nix'
evaluating file '/nix/store/ws6z2fm6q4wpw89rygxvrh08g104ixzw-source/pkgs/applications/misc/audio/soxr/default.nix'
evaluating file '/nix/store/ws6z2fm6q4wpw89rygxvrh08g104ixzw-source/pkgs/development/libraries/x264/default.nix'
evaluating file '/nix/store/ws6z2fm6q4wpw89rygxvrh08g104ixzw-source/pkgs/development/libraries/x265/default.nix'
evaluating file '/nix/store/ws6z2fm6q4wpw89rygxvrh08g104ixzw-source/pkgs/os-specific/linux/numactl/default.nix'
evaluating file '/nix/store/ws6z2fm6q4wpw89rygxvrh08g104ixzw-source/pkgs/development/libraries/xvidcore/default.nix'
evaluating file '/nix/store/ws6z2fm6q4wpw89rygxvrh08g104ixzw-source/pkgs/development/libraries/nv-codec-headers/default.nix'
evaluating file '/nix/store/ws6z2fm6q4wpw89rygxvrh08g104ixzw-source/pkgs/development/libraries/libvpx/default.nix'
evaluating file '/nix/store/ws6z2fm6q4wpw89rygxvrh08g104ixzw-source/pkgs/servers/pulseaudio/default.nix'
evaluating file '/nix/store/ws6z2fm6q4wpw89rygxvrh08g104ixzw-source/pkgs/development/libraries/libsndfile/default.nix'
evaluating file '/nix/store/ws6z2fm6q4wpw89rygxvrh08g104ixzw-source/pkgs/desktops/gnome-3/default.nix'
evaluating file '/nix/store/ws6z2fm6q4wpw89rygxvrh08g104ixzw-source/pkgs/desktops/gnome-3/core/dconf/default.nix'
evaluating file '/nix/store/ws6z2fm6q4wpw89rygxvrh08g104ixzw-source/pkgs/shells/bash/bash-completion/default.nix'
evaluating file '/nix/store/ws6z2fm6q4wpw89rygxvrh08g104ixzw-source/pkgs/development/compilers/vala/default.nix'
evaluating file '/nix/store/ws6z2fm6q4wpw89rygxvrh08g104ixzw-source/pkgs/development/libraries/SDL2/default.nix'
evaluating file '/nix/store/ws6z2fm6q4wpw89rygxvrh08g104ixzw-source/pkgs/development/libraries/audiofile/default.nix'
evaluating file '/nix/store/ws6z2fm6q4wpw89rygxvrh08g104ixzw-source/pkgs/development/libraries/libxkbcommon/default.nix'
evaluating file '/nix/store/ws6z2fm6q4wpw89rygxvrh08g104ixzw-source/pkgs/development/tools/documentation/doxygen/default.nix'
evaluating file '/nix/store/ws6z2fm6q4wpw89rygxvrh08g104ixzw-source/pkgs/development/libraries/gtk/3.x.nix'
evaluating file '/nix/store/ws6z2fm6q4wpw89rygxvrh08g104ixzw-source/pkgs/development/libraries/epoxy/default.nix'
evaluating file '/nix/store/ws6z2fm6q4wpw89rygxvrh08g104ixzw-source/pkgs/development/libraries/json-glib/default.nix'
evaluating file '/nix/store/ws6z2fm6q4wpw89rygxvrh08g104ixzw-source/pkgs/development/libraries/iso-codes/default.nix'
evaluating file '/nix/store/ws6z2fm6q4wpw89rygxvrh08g104ixzw-source/pkgs/data/icons/hicolor-icon-theme/default.nix'
evaluating file '/nix/store/ws6z2fm6q4wpw89rygxvrh08g104ixzw-source/pkgs/development/tools/sassc/default.nix'
evaluating file '/nix/store/ws6z2fm6q4wpw89rygxvrh08g104ixzw-source/pkgs/development/libraries/libsass/default.nix'
evaluating file '/nix/store/ws6z2fm6q4wpw89rygxvrh08g104ixzw-source/pkgs/data/misc/shared-mime-info/default.nix'
evaluating file '/nix/store/ws6z2fm6q4wpw89rygxvrh08g104ixzw-source/pkgs/development/libraries/at-spi2-atk/default.nix'
evaluating file '/nix/store/ws6z2fm6q4wpw89rygxvrh08g104ixzw-source/pkgs/development/libraries/at-spi2-core/default.nix'
evaluating file '/nix/store/ws6z2fm6q4wpw89rygxvrh08g104ixzw-source/pkgs/development/libraries/gsettings-desktop-schemas/default.nix'
evaluating file '/nix/store/ws6z2fm6q4wpw89rygxvrh08g104ixzw-source/pkgs/development/libraries/mesa-glu/default.nix'
evaluating file '/nix/store/ws6z2fm6q4wpw89rygxvrh08g104ixzw-source/pkgs/development/libraries/speechd/default.nix'
evaluating file '/nix/store/ws6z2fm6q4wpw89rygxvrh08g104ixzw-source/pkgs/development/libraries/dotconf/default.nix'
evaluating file '/nix/store/ws6z2fm6q4wpw89rygxvrh08g104ixzw-source/pkgs/development/libraries/libao/default.nix'
evaluating file '/nix/store/ws6z2fm6q4wpw89rygxvrh08g104ixzw-source/pkgs/applications/audio/espeak-ng/default.nix'
evaluating file '/nix/store/ws6z2fm6q4wpw89rygxvrh08g104ixzw-source/pkgs/development/libraries/pcaudiolib/default.nix'
evaluating file '/nix/store/ws6z2fm6q4wpw89rygxvrh08g104ixzw-source/pkgs/development/libraries/portaudio/default.nix'
evaluating file '/nix/store/ws6z2fm6q4wpw89rygxvrh08g104ixzw-source/pkgs/misc/jackaudio/default.nix'
evaluating file '/nix/store/ws6z2fm6q4wpw89rygxvrh08g104ixzw-source/pkgs/development/libraries/libsamplerate/default.nix'
evaluating file '/nix/store/ws6z2fm6q4wpw89rygxvrh08g104ixzw-source/pkgs/development/libraries/eigen/default.nix'
evaluating file '/nix/store/ws6z2fm6q4wpw89rygxvrh08g104ixzw-source/pkgs/development/libraries/celt/default.nix'
evaluating file '/nix/store/ws6z2fm6q4wpw89rygxvrh08g104ixzw-source/pkgs/development/libraries/celt/generic.nix'
evaluating file '/nix/store/ws6z2fm6q4wpw89rygxvrh08g104ixzw-source/pkgs/development/tools/build-managers/wafHook/default.nix'
evaluating file '/nix/store/ws6z2fm6q4wpw89rygxvrh08g104ixzw-source/pkgs/development/tools/build-managers/waf/default.nix'
evaluating file '/nix/store/ws6z2fm6q4wpw89rygxvrh08g104ixzw-source/pkgs/development/libraries/sonic/default.nix'
evaluating file '/nix/store/ws6z2fm6q4wpw89rygxvrh08g104ixzw-source/pkgs/development/tools/ronn/default.nix'
evaluating file '/nix/store/ws6z2fm6q4wpw89rygxvrh08g104ixzw-source/pkgs/development/ruby-modules/bundler-env/default.nix'
evaluating file '/nix/store/ws6z2fm6q4wpw89rygxvrh08g104ixzw-source/pkgs/development/ruby-modules/bundled-common/default.nix'
evaluating file '/nix/store/ws6z2fm6q4wpw89rygxvrh08g104ixzw-source/pkgs/development/interpreters/ruby/default.nix'
evaluating file '/nix/store/ws6z2fm6q4wpw89rygxvrh08g104ixzw-source/pkgs/development/ruby-modules/bundled-common/functions.nix'
evaluating file '/nix/store/ws6z2fm6q4wpw89rygxvrh08g104ixzw-source/pkgs/development/tools/ronn/gemset.nix'
evaluating file '/nix/store/ws6z2fm6q4wpw89rygxvrh08g104ixzw-source/pkgs/development/ruby-modules/gem-config/default.nix'
evaluating file '/nix/store/ws6z2fm6q4wpw89rygxvrh08g104ixzw-source/pkgs/development/ruby-modules/gem/default.nix'
evaluating file '/nix/store/ws6z2fm6q4wpw89rygxvrh08g104ixzw-source/pkgs/development/interpreters/ruby/ruby-version.nix'
evaluating file '/nix/store/ws6z2fm6q4wpw89rygxvrh08g104ixzw-source/pkgs/development/libraries/libyaml/default.nix'
evaluating file '/nix/store/ws6z2fm6q4wpw89rygxvrh08g104ixzw-source/pkgs/development/interpreters/ruby/patchsets.nix'
evaluating file '/nix/store/ws6z2fm6q4wpw89rygxvrh08g104ixzw-source/pkgs/development/interpreters/ruby/config.nix'
evaluating file '/nix/store/ws6z2fm6q4wpw89rygxvrh08g104ixzw-source/pkgs/build-support/fetchsavannah/default.nix'
evaluating file '/nix/store/ws6z2fm6q4wpw89rygxvrh08g104ixzw-source/pkgs/development/interpreters/ruby/rvm-patchsets.nix'
evaluating file '/nix/store/ws6z2fm6q4wpw89rygxvrh08g104ixzw-source/pkgs/development/interpreters/ruby/rubygems/default.nix'
evaluating file '/nix/store/ws6z2fm6q4wpw89rygxvrh08g104ixzw-source/pkgs/development/ruby-modules/bundler/default.nix'
evaluating file '/nix/store/ws6z2fm6q4wpw89rygxvrh08g104ixzw-source/pkgs/development/libraries/flite/default.nix'
evaluating file '/nix/store/ws6z2fm6q4wpw89rygxvrh08g104ixzw-source/pkgs/applications/audio/svox/default.nix'
evaluating file '/nix/store/ws6z2fm6q4wpw89rygxvrh08g104ixzw-source/pkgs/development/tools/misc/itstool/default.nix'
evaluating file '/nix/store/ws6z2fm6q4wpw89rygxvrh08g104ixzw-source/pkgs/development/python-modules/pyxdg/default.nix'
evaluating file '/nix/store/ws6z2fm6q4wpw89rygxvrh08g104ixzw-source/pkgs/development/tools/build-managers/gn/default.nix'
evaluating file '/nix/store/ws6z2fm6q4wpw89rygxvrh08g104ixzw-source/pkgs/development/compilers/llvm/8/clang/default.nix'
evaluating file '/nix/store/ws6z2fm6q4wpw89rygxvrh08g104ixzw-source/pkgs/development/compilers/llvm/8/llvm.nix'
evaluating file '/nix/store/ws6z2fm6q4wpw89rygxvrh08g104ixzw-source/pkgs/development/compilers/llvm/8/compiler-rt.nix'
evaluating file '/nix/store/ws6z2fm6q4wpw89rygxvrh08g104ixzw-source/pkgs/development/python-modules/ply/default.nix'
evaluating file '/nix/store/ws6z2fm6q4wpw89rygxvrh08g104ixzw-source/pkgs/applications/networking/browsers/chromium/plugins.nix'
evaluating file '/nix/store/ws6z2fm6q4wpw89rygxvrh08g104ixzw-source/pkgs/desktops/gnome-3/core/adwaita-icon-theme/default.nix'
evaluating file '/nix/store/ws6z2fm6q4wpw89rygxvrh08g104ixzw-source/pkgs/development/libraries/librsvg/default.nix'
evaluating file '/nix/store/ws6z2fm6q4wpw89rygxvrh08g104ixzw-source/pkgs/development/libraries/libgsf/default.nix'
evaluating file '/nix/store/ws6z2fm6q4wpw89rygxvrh08g104ixzw-source/pkgs/development/libraries/libcroco/default.nix'
evaluating file '/nix/store/ws6z2fm6q4wpw89rygxvrh08g104ixzw-source/pkgs/development/compilers/rust/default.nix'
evaluating file '/nix/store/ws6z2fm6q4wpw89rygxvrh08g104ixzw-source/pkgs/development/compilers/rust/rustc.nix'
evaluating file '/nix/store/ws6z2fm6q4wpw89rygxvrh08g104ixzw-source/pkgs/development/compilers/rust/bootstrap.nix'
evaluating file '/nix/store/ws6z2fm6q4wpw89rygxvrh08g104ixzw-source/pkgs/development/compilers/rust/binary.nix'
evaluating file '/nix/store/ws6z2fm6q4wpw89rygxvrh08g104ixzw-source/pkgs/os-specific/linux/procps-ng/default.nix'
evaluating file '/nix/store/ws6z2fm6q4wpw89rygxvrh08g104ixzw-source/pkgs/data/misc/tzdata/default.nix'
evaluating file '/nix/store/ws6z2fm6q4wpw89rygxvrh08g104ixzw-source/pkgs/development/compilers/llvm/7/compiler-rt.nix'
evaluating file '/nix/store/ws6z2fm6q4wpw89rygxvrh08g104ixzw-source/pkgs/development/compilers/rust/cargo.nix'
evaluating file '/nix/store/ws6z2fm6q4wpw89rygxvrh08g104ixzw-source/pkgs/build-support/rust/default.nix'
evaluating file '/nix/store/ws6z2fm6q4wpw89rygxvrh08g104ixzw-source/pkgs/development/libraries/git2/default.nix'
evaluating file '/nix/store/ws6z2fm6q4wpw89rygxvrh08g104ixzw-source/pkgs/development/tools/misc/icon-naming-utils/default.nix'
evaluating file '/nix/store/ws6z2fm6q4wpw89rygxvrh08g104ixzw-source/pkgs/os-specific/linux/iproute/default.nix'
evaluating file '/nix/store/qxdsinbmfds9cach2pah3i96f9s9fs2s-cabal2nix-jsaddle-webkit2gtk/default.nix'
evaluating file '/nix/store/7dg66lg2s8x30yn7g70w7qsjy0lixvfs-cabal2nix-gi-gio-2.0.24/default.nix'
evaluating file '/nix/store/211xbjmsahddj7xjdschkpdfm89qfm70-cabal2nix-gi-glib-2.0.19/default.nix'
evaluating file '/nix/store/kjwry7j5f8xzyzdgxdc7d01hc6kq9zic-cabal2nix-haskell-gi-0.22.6/default.nix'
evaluating file '/nix/store/vz3x2vrdvw9v5n7cxak96cna7p2kgi9m-cabal2nix-haskell-gi-base-0.22.2/default.nix'
evaluating file '/nix/store/14p9px21hld1bw2dzspghg1cqfkkjcx1-cabal2nix-haskell-gi-overloading-0.0/default.nix'
evaluating file '/nix/store/hj420cvd69in6i2iv2562d2n7hlfv5kp-cabal2nix-gi-gobject-2.0.21/default.nix'
evaluating file '/nix/store/zbwr2kyjfr30676l1ncqqni4amcfv7qb-cabal2nix-gi-gtk-3.0.31/default.nix'
evaluating file '/nix/store/lp7a1mcgl2cbabyzyx6gw4hp3xlkbgfv-cabal2nix-gi-atk-2.0.20/default.nix'
evaluating file '/nix/store/j76swb15fr87xndbwxbyyi53navaq53z-cabal2nix-gi-cairo-1.0.19/default.nix'
evaluating file '/nix/store/przva3py8qmyyzll0rc9haxgxba4slvj-cabal2nix-gi-gdk-3.0.21/default.nix'
evaluating file '/nix/store/bm41bnx98ww5y7dz0ay5469jrzlg7cqy-cabal2nix-gi-gdkpixbuf-2.0.22/default.nix'
evaluating file '/nix/store/h2ild93cr10cwik6a1kbm4vkwnz1q326-cabal2nix-gi-pango-1.0.21/default.nix'
evaluating file '/nix/store/d30z6ll34w1sl9y6vn8y7sp3ahm2w3c9-cabal2nix-gi-javascriptcore-4.0.20/default.nix'
evaluating file '/nix/store/ws6z2fm6q4wpw89rygxvrh08g104ixzw-source/pkgs/development/libraries/webkitgtk/default.nix'
evaluating file '/nix/store/ws6z2fm6q4wpw89rygxvrh08g104ixzw-source/pkgs/development/libraries/geoclue/default.nix'
evaluating file '/nix/store/ws6z2fm6q4wpw89rygxvrh08g104ixzw-source/pkgs/development/libraries/enchant/2.x.nix'
evaluating file '/nix/store/ws6z2fm6q4wpw89rygxvrh08g104ixzw-source/pkgs/development/libraries/hunspell/default.nix'
evaluating file '/nix/store/ws6z2fm6q4wpw89rygxvrh08g104ixzw-source/pkgs/development/libraries/unittest-cpp/default.nix'
evaluating file '/nix/store/ws6z2fm6q4wpw89rygxvrh08g104ixzw-source/pkgs/development/libraries/hspell/default.nix'
evaluating file '/nix/store/ws6z2fm6q4wpw89rygxvrh08g104ixzw-source/pkgs/development/libraries/aspell/default.nix'
evaluating file '/nix/store/ws6z2fm6q4wpw89rygxvrh08g104ixzw-source/pkgs/development/libraries/libnotify/default.nix'
evaluating file '/nix/store/ws6z2fm6q4wpw89rygxvrh08g104ixzw-source/pkgs/development/libraries/libsecret/default.nix'
evaluating file '/nix/store/ws6z2fm6q4wpw89rygxvrh08g104ixzw-source/pkgs/development/libraries/openjpeg/2.x.nix'
evaluating file '/nix/store/ws6z2fm6q4wpw89rygxvrh08g104ixzw-source/pkgs/development/libraries/openjpeg/generic.nix'
evaluating file '/nix/store/ws6z2fm6q4wpw89rygxvrh08g104ixzw-source/pkgs/development/python-modules/jpylyzer/default.nix'
evaluating file '/nix/store/ws6z2fm6q4wpw89rygxvrh08g104ixzw-source/pkgs/development/libraries/lcms2/default.nix'
evaluating file '/nix/store/ws6z2fm6q4wpw89rygxvrh08g104ixzw-source/pkgs/development/libraries/gstreamer/default.nix'
evaluating file '/nix/store/ws6z2fm6q4wpw89rygxvrh08g104ixzw-source/pkgs/development/libraries/gstreamer/base/default.nix'
evaluating file '/nix/store/ws6z2fm6q4wpw89rygxvrh08g104ixzw-source/pkgs/development/compilers/orc/default.nix'
evaluating file '/nix/store/ws6z2fm6q4wpw89rygxvrh08g104ixzw-source/pkgs/development/libraries/tremor/default.nix'
evaluating file '/nix/store/ws6z2fm6q4wpw89rygxvrh08g104ixzw-source/pkgs/development/libraries/libvisual/default.nix'
evaluating file '/nix/store/ws6z2fm6q4wpw89rygxvrh08g104ixzw-source/pkgs/development/libraries/gstreamer/core/default.nix'
evaluating file '/nix/store/ws6z2fm6q4wpw89rygxvrh08g104ixzw-source/pkgs/development/libraries/libunwind/default.nix'
evaluating file '/nix/store/ws6z2fm6q4wpw89rygxvrh08g104ixzw-source/pkgs/development/tools/misc/elfutils/default.nix'
evaluating file '/nix/store/ws6z2fm6q4wpw89rygxvrh08g104ixzw-source/pkgs/development/libraries/gstreamer/bad/default.nix'
evaluating file '/nix/store/ws6z2fm6q4wpw89rygxvrh08g104ixzw-source/pkgs/development/libraries/faad2/default.nix'
evaluating file '/nix/store/ws6z2fm6q4wpw89rygxvrh08g104ixzw-source/pkgs/development/libraries/libkate/default.nix'
evaluating file '/nix/store/ws6z2fm6q4wpw89rygxvrh08g104ixzw-source/pkgs/development/libraries/libmms/default.nix'
evaluating file '/nix/store/ws6z2fm6q4wpw89rygxvrh08g104ixzw-source/pkgs/development/libraries/libnice/default.nix'
evaluating file '/nix/store/ws6z2fm6q4wpw89rygxvrh08g104ixzw-source/pkgs/development/libraries/gupnp-igd/default.nix'
evaluating file '/nix/store/ws6z2fm6q4wpw89rygxvrh08g104ixzw-source/pkgs/development/libraries/gupnp/default.nix'
evaluating file '/nix/store/ws6z2fm6q4wpw89rygxvrh08g104ixzw-source/pkgs/data/sgml+xml/schemas/xml-dtd/docbook/4.4.nix'
evaluating file '/nix/store/ws6z2fm6q4wpw89rygxvrh08g104ixzw-source/pkgs/development/libraries/gssdp/default.nix'
evaluating file '/nix/store/ws6z2fm6q4wpw89rygxvrh08g104ixzw-source/pkgs/development/libraries/libsoup/default.nix'
evaluating file '/nix/store/ws6z2fm6q4wpw89rygxvrh08g104ixzw-source/pkgs/development/libraries/libpsl/default.nix'
evaluating file '/nix/store/ws6z2fm6q4wpw89rygxvrh08g104ixzw-source/pkgs/data/misc/publicsuffix-list/default.nix'
evaluating file '/nix/store/ws6z2fm6q4wpw89rygxvrh08g104ixzw-source/pkgs/development/libraries/webrtc-audio-processing/default.nix'
evaluating file '/nix/store/ws6z2fm6q4wpw89rygxvrh08g104ixzw-source/pkgs/development/libraries/audio/libbs2b/default.nix'
evaluating file '/nix/store/ws6z2fm6q4wpw89rygxvrh08g104ixzw-source/pkgs/applications/audio/ladspa-sdk/ladspah.nix'
evaluating file '/nix/store/ws6z2fm6q4wpw89rygxvrh08g104ixzw-source/pkgs/development/libraries/librdf/default.nix'
evaluating file '/nix/store/ws6z2fm6q4wpw89rygxvrh08g104ixzw-source/pkgs/development/libraries/librdf/raptor2.nix'
evaluating file '/nix/store/ws6z2fm6q4wpw89rygxvrh08g104ixzw-source/pkgs/development/libraries/audio/lilv/default.nix'
evaluating file '/nix/store/ws6z2fm6q4wpw89rygxvrh08g104ixzw-source/pkgs/development/libraries/audio/lv2/default.nix'
evaluating file '/nix/store/ws6z2fm6q4wpw89rygxvrh08g104ixzw-source/pkgs/development/libraries/serd/default.nix'
evaluating file '/nix/store/ws6z2fm6q4wpw89rygxvrh08g104ixzw-source/pkgs/development/libraries/sord/default.nix'
evaluating file '/nix/store/ws6z2fm6q4wpw89rygxvrh08g104ixzw-source/pkgs/development/libraries/audio/sratom/default.nix'
evaluating file '/nix/store/ws6z2fm6q4wpw89rygxvrh08g104ixzw-source/pkgs/development/libraries/libmodplug/default.nix'
evaluating file '/nix/store/ws6z2fm6q4wpw89rygxvrh08g104ixzw-source/pkgs/development/libraries/libmpeg2/default.nix'
evaluating file '/nix/store/ws6z2fm6q4wpw89rygxvrh08g104ixzw-source/pkgs/os-specific/linux/bluez/default.nix'
evaluating file '/nix/store/ws6z2fm6q4wpw89rygxvrh08g104ixzw-source/pkgs/development/libraries/libical/default.nix'
evaluating file '/nix/store/ws6z2fm6q4wpw89rygxvrh08g104ixzw-source/pkgs/development/python-modules/pygobject/3.nix'
evaluating file '/nix/store/ws6z2fm6q4wpw89rygxvrh08g104ixzw-source/pkgs/development/python-modules/pycairo/default.nix'
evaluating file '/nix/store/ws6z2fm6q4wpw89rygxvrh08g104ixzw-source/pkgs/development/python-modules/dbus/default.nix'
evaluating file '/nix/store/ws6z2fm6q4wpw89rygxvrh08g104ixzw-source/pkgs/development/python-modules/pygobject/default.nix'
evaluating file '/nix/store/ws6z2fm6q4wpw89rygxvrh08g104ixzw-source/pkgs/development/python-modules/recursive-pth-loader/default.nix'
evaluating file '/nix/store/ws6z2fm6q4wpw89rygxvrh08g104ixzw-source/pkgs/development/libraries/chromaprint/default.nix'
evaluating file '/nix/store/ws6z2fm6q4wpw89rygxvrh08g104ixzw-source/pkgs/development/libraries/directfb/default.nix'
evaluating file '/nix/store/ws6z2fm6q4wpw89rygxvrh08g104ixzw-source/pkgs/development/libraries/SDL/default.nix'
evaluating file '/nix/store/ws6z2fm6q4wpw89rygxvrh08g104ixzw-source/pkgs/development/compilers/flux/default.nix'
evaluating file '/nix/store/ws6z2fm6q4wpw89rygxvrh08g104ixzw-source/pkgs/development/libraries/fdk-aac/default.nix'
evaluating file '/nix/store/ws6z2fm6q4wpw89rygxvrh08g104ixzw-source/pkgs/development/libraries/gsm/default.nix'
evaluating file '/nix/store/ws6z2fm6q4wpw89rygxvrh08g104ixzw-source/pkgs/development/libraries/libaom/default.nix'
evaluating file '/nix/store/ws6z2fm6q4wpw89rygxvrh08g104ixzw-source/pkgs/development/libraries/libdc1394/default.nix'
evaluating file '/nix/store/ws6z2fm6q4wpw89rygxvrh08g104ixzw-source/pkgs/development/libraries/libraw1394/default.nix'
evaluating file '/nix/store/ws6z2fm6q4wpw89rygxvrh08g104ixzw-source/pkgs/development/libraries/libde265/default.nix'
evaluating file '/nix/store/ws6z2fm6q4wpw89rygxvrh08g104ixzw-source/pkgs/development/libraries/libdvdnav/default.nix'
evaluating file '/nix/store/ws6z2fm6q4wpw89rygxvrh08g104ixzw-source/pkgs/development/libraries/libdvdread/default.nix'
evaluating file '/nix/store/ws6z2fm6q4wpw89rygxvrh08g104ixzw-source/pkgs/development/libraries/libdvdcss/default.nix'
evaluating file '/nix/store/ws6z2fm6q4wpw89rygxvrh08g104ixzw-source/pkgs/development/libraries/libgudev/default.nix'
evaluating file '/nix/store/ws6z2fm6q4wpw89rygxvrh08g104ixzw-source/pkgs/development/libraries/libofa/default.nix'
evaluating file '/nix/store/ws6z2fm6q4wpw89rygxvrh08g104ixzw-source/pkgs/development/libraries/neon/default.nix'
evaluating file '/nix/store/ws6z2fm6q4wpw89rygxvrh08g104ixzw-source/pkgs/development/libraries/openal-soft/default.nix'
evaluating file '/nix/store/ws6z2fm6q4wpw89rygxvrh08g104ixzw-source/pkgs/development/libraries/opencv/3.x.nix'
evaluating file '/nix/store/ws6z2fm6q4wpw89rygxvrh08g104ixzw-source/pkgs/development/libraries/ilmbase/default.nix'
evaluating file '/nix/store/ws6z2fm6q4wpw89rygxvrh08g104ixzw-source/pkgs/tools/misc/hdf5/default.nix'
evaluating file '/nix/store/ws6z2fm6q4wpw89rygxvrh08g104ixzw-source/pkgs/development/libraries/glog/default.nix'
evaluating file '/nix/store/ws6z2fm6q4wpw89rygxvrh08g104ixzw-source/pkgs/development/libraries/gflags/default.nix'
evaluating file '/nix/store/ws6z2fm6q4wpw89rygxvrh08g104ixzw-source/pkgs/development/libraries/openexr/default.nix'
evaluating file '/nix/store/ws6z2fm6q4wpw89rygxvrh08g104ixzw-source/pkgs/development/libraries/openh264/default.nix'
evaluating file '/nix/store/ws6z2fm6q4wpw89rygxvrh08g104ixzw-source/pkgs/tools/video/rtmpdump/default.nix'
evaluating file '/nix/store/ws6z2fm6q4wpw89rygxvrh08g104ixzw-source/pkgs/development/libraries/sbc/default.nix'
evaluating file '/nix/store/ws6z2fm6q4wpw89rygxvrh08g104ixzw-source/pkgs/development/libraries/soundtouch/default.nix'
evaluating file '/nix/store/ws6z2fm6q4wpw89rygxvrh08g104ixzw-source/pkgs/development/libraries/spandsp/default.nix'
evaluating file '/nix/store/ws6z2fm6q4wpw89rygxvrh08g104ixzw-source/pkgs/development/libraries/srtp/default.nix'
evaluating file '/nix/store/ws6z2fm6q4wpw89rygxvrh08g104ixzw-source/pkgs/applications/audio/fluidsynth/default.nix'
evaluating file '/nix/store/ws6z2fm6q4wpw89rygxvrh08g104ixzw-source/pkgs/development/libraries/audio/libgme/default.nix'
evaluating file '/nix/store/ws6z2fm6q4wpw89rygxvrh08g104ixzw-source/pkgs/development/libraries/srt/default.nix'
evaluating file '/nix/store/ws6z2fm6q4wpw89rygxvrh08g104ixzw-source/pkgs/tools/graphics/zbar/default.nix'
evaluating file '/nix/store/ws6z2fm6q4wpw89rygxvrh08g104ixzw-source/pkgs/applications/graphics/ImageMagick/default.nix'
evaluating file '/nix/store/ws6z2fm6q4wpw89rygxvrh08g104ixzw-source/pkgs/misc/ghostscript/default.nix'
evaluating file '/nix/store/ws6z2fm6q4wpw89rygxvrh08g104ixzw-source/pkgs/development/libraries/jbig2dec/default.nix'
evaluating file '/nix/store/ws6z2fm6q4wpw89rygxvrh08g104ixzw-source/pkgs/development/libraries/ijs/default.nix'
evaluating file '/nix/store/ws6z2fm6q4wpw89rygxvrh08g104ixzw-source/pkgs/development/libraries/libheif/default.nix'
evaluating file '/nix/store/ws6z2fm6q4wpw89rygxvrh08g104ixzw-source/pkgs/applications/misc/djvulibre/default.nix'
evaluating file '/nix/store/ws6z2fm6q4wpw89rygxvrh08g104ixzw-source/pkgs/os-specific/linux/v4l-utils/default.nix'
evaluating file '/nix/store/ws6z2fm6q4wpw89rygxvrh08g104ixzw-source/pkgs/development/libraries/qt-5/modules/qtbase.nix'
evaluating file '/nix/store/ws6z2fm6q4wpw89rygxvrh08g104ixzw-source/pkgs/development/libraries/qt-5/5.12/srcs.nix'
evaluating file '/nix/store/ws6z2fm6q4wpw89rygxvrh08g104ixzw-source/pkgs/servers/sql/postgresql/default.nix'
evaluating file '/nix/store/ws6z2fm6q4wpw89rygxvrh08g104ixzw-source/pkgs/development/libraries/libossp-uuid/default.nix'
evaluating file '/nix/store/ws6z2fm6q4wpw89rygxvrh08g104ixzw-source/pkgs/servers/sql/mariadb/default.nix'
evaluating file '/nix/store/ws6z2fm6q4wpw89rygxvrh08g104ixzw-source/pkgs/development/libraries/libinput/default.nix'
evaluating file '/nix/store/ws6z2fm6q4wpw89rygxvrh08g104ixzw-source/pkgs/development/libraries/libevdev/default.nix'
evaluating file '/nix/store/ws6z2fm6q4wpw89rygxvrh08g104ixzw-source/pkgs/development/libraries/mtdev/default.nix'
evaluating file '/nix/store/ws6z2fm6q4wpw89rygxvrh08g104ixzw-source/pkgs/development/libraries/libwacom/default.nix'
evaluating file '/nix/store/ws6z2fm6q4wpw89rygxvrh08g104ixzw-source/pkgs/development/python-modules/evdev/default.nix'
evaluating file '/nix/store/ws6z2fm6q4wpw89rygxvrh08g104ixzw-source/pkgs/development/libraries/jemalloc/jemalloc450.nix'
evaluating file '/nix/store/ws6z2fm6q4wpw89rygxvrh08g104ixzw-source/pkgs/development/libraries/jemalloc/common.nix'
evaluating file '/nix/store/ws6z2fm6q4wpw89rygxvrh08g104ixzw-source/pkgs/os-specific/linux/libaio/default.nix'
evaluating file '/nix/store/ws6z2fm6q4wpw89rygxvrh08g104ixzw-source/pkgs/development/libraries/judy/default.nix'
evaluating file '/nix/store/ws6z2fm6q4wpw89rygxvrh08g104ixzw-source/pkgs/development/interpreters/perl/wrapper.nix'
evaluating file '/nix/store/ws6z2fm6q4wpw89rygxvrh08g104ixzw-source/pkgs/development/perl-modules/DBD-mysql/default.nix'
evaluating file '/nix/store/ws6z2fm6q4wpw89rygxvrh08g104ixzw-source/pkgs/tools/misc/less/default.nix'
evaluating file '/nix/store/ws6z2fm6q4wpw89rygxvrh08g104ixzw-source/pkgs/development/tools/parsing/bison/2.x.nix'
evaluating file '/nix/store/ws6z2fm6q4wpw89rygxvrh08g104ixzw-source/pkgs/development/libraries/qt-5/modules/qtx11extras.nix'
evaluating file '/nix/store/ws6z2fm6q4wpw89rygxvrh08g104ixzw-source/pkgs/development/libraries/qt-5/qtModule.nix'
evaluating file '/nix/store/ws6z2fm6q4wpw89rygxvrh08g104ixzw-source/pkgs/development/libraries/qt-5/mkDerivation.nix'
evaluating file '/nix/store/ws6z2fm6q4wpw89rygxvrh08g104ixzw-source/pkgs/development/libraries/qt-5/modules/qtwayland.nix'
evaluating file '/nix/store/ws6z2fm6q4wpw89rygxvrh08g104ixzw-source/pkgs/development/libraries/qt-5/modules/qtquickcontrols.nix'
evaluating file '/nix/store/ws6z2fm6q4wpw89rygxvrh08g104ixzw-source/pkgs/development/libraries/qt-5/modules/qtdeclarative.nix'
evaluating file '/nix/store/ws6z2fm6q4wpw89rygxvrh08g104ixzw-source/pkgs/development/libraries/qt-5/modules/qtsvg.nix'
evaluating file '/nix/store/ws6z2fm6q4wpw89rygxvrh08g104ixzw-source/pkgs/development/libraries/wildmidi/default.nix'
evaluating file '/nix/store/ws6z2fm6q4wpw89rygxvrh08g104ixzw-source/pkgs/data/misc/freepats/default.nix'
evaluating file '/nix/store/ws6z2fm6q4wpw89rygxvrh08g104ixzw-source/pkgs/tools/video/mjpegtools/default.nix'
evaluating file '/nix/store/ws6z2fm6q4wpw89rygxvrh08g104ixzw-source/pkgs/development/libraries/libdv/default.nix'
evaluating file '/nix/store/ws6z2fm6q4wpw89rygxvrh08g104ixzw-source/pkgs/development/libraries/popt/default.nix'
evaluating file '/nix/store/ws6z2fm6q4wpw89rygxvrh08g104ixzw-source/pkgs/tools/networking/modem-manager/default.nix'
evaluating file '/nix/store/ws6z2fm6q4wpw89rygxvrh08g104ixzw-source/pkgs/tools/networking/ppp/default.nix'
evaluating file '/nix/store/ws6z2fm6q4wpw89rygxvrh08g104ixzw-source/pkgs/development/libraries/libmbim/default.nix'
evaluating file '/nix/store/ws6z2fm6q4wpw89rygxvrh08g104ixzw-source/pkgs/development/libraries/libqmi/default.nix'
evaluating file '/nix/store/ws6z2fm6q4wpw89rygxvrh08g104ixzw-source/pkgs/development/libraries/glib-networking/default.nix'
evaluating file '/nix/store/ws6z2fm6q4wpw89rygxvrh08g104ixzw-source/pkgs/development/libraries/libproxy/default.nix'
evaluating file '/nix/store/ws6z2fm6q4wpw89rygxvrh08g104ixzw-source/pkgs/tools/networking/network-manager/default.nix'
evaluating file '/nix/store/ws6z2fm6q4wpw89rygxvrh08g104ixzw-source/pkgs/development/libraries/libndp/default.nix'
evaluating file '/nix/store/ws6z2fm6q4wpw89rygxvrh08g104ixzw-source/pkgs/tools/networking/dnsmasq/default.nix'
evaluating file '/nix/store/ws6z2fm6q4wpw89rygxvrh08g104ixzw-source/pkgs/development/libraries/newt/default.nix'
evaluating file '/nix/store/ws6z2fm6q4wpw89rygxvrh08g104ixzw-source/pkgs/development/libraries/slang/default.nix'
evaluating file '/nix/store/ws6z2fm6q4wpw89rygxvrh08g104ixzw-source/pkgs/development/libraries/jansson/default.nix'
evaluating file '/nix/store/ws6z2fm6q4wpw89rygxvrh08g104ixzw-source/pkgs/tools/networking/dhcp/default.nix'
evaluating file '/nix/store/ws6z2fm6q4wpw89rygxvrh08g104ixzw-source/pkgs/os-specific/linux/iputils/default.nix'
evaluating file '/nix/store/ws6z2fm6q4wpw89rygxvrh08g104ixzw-source/pkgs/tools/networking/openresolv/default.nix'
evaluating file '/nix/store/ws6z2fm6q4wpw89rygxvrh08g104ixzw-source/pkgs/tools/misc/ethtool/default.nix'
evaluating file '/nix/store/ws6z2fm6q4wpw89rygxvrh08g104ixzw-source/pkgs/tools/networking/openconnect/default.nix'
evaluating file '/nix/store/ws6z2fm6q4wpw89rygxvrh08g104ixzw-source/pkgs/tools/networking/vpnc/default.nix'
evaluating file '/nix/store/ws6z2fm6q4wpw89rygxvrh08g104ixzw-source/pkgs/build-support/fetchsvn/default.nix'
evaluating file '/nix/store/ws6z2fm6q4wpw89rygxvrh08g104ixzw-source/pkgs/tools/security/stoken/default.nix'
evaluating file '/nix/store/ws6z2fm6q4wpw89rygxvrh08g104ixzw-source/pkgs/development/compilers/gcc/6/default.nix'
evaluating file '/nix/store/ws6z2fm6q4wpw89rygxvrh08g104ixzw-source/pkgs/development/libraries/isl/0.14.1.nix'
evaluating file '/nix/store/qg8r8zzgi9b0qxl1z8va8idbkvnd4wss-cabal2nix-gi-webkit2-4.0.24/default.nix'
evaluating file '/nix/store/ssb19467iwxgl0m297s1bdbpaw1287zi-cabal2nix-gi-soup-2.4.21/default.nix'
evaluating file '/nix/store/bq824bmhn4q3g2snnm647k651rhaw8w8-cabal2nix-webkit2gtk3-javascriptcore-0.14.2.1/default.nix'
evaluating file '/nix/store/mfskgipv39c2inzfvsjlwrav7qvrfsfy-nixpkgs-20.09pre214168.686274ea62c/nixpkgs/default.nix'
evaluating file '/nix/store/mfskgipv39c2inzfvsjlwrav7qvrfsfy-nixpkgs-20.09pre214168.686274ea62c/nixpkgs/lib/minver.nix'
evaluating file '/nix/store/mfskgipv39c2inzfvsjlwrav7qvrfsfy-nixpkgs-20.09pre214168.686274ea62c/nixpkgs/pkgs/top-level/impure.nix'
evaluating file '/nix/store/mfskgipv39c2inzfvsjlwrav7qvrfsfy-nixpkgs-20.09pre214168.686274ea62c/nixpkgs/pkgs/top-level/default.nix'
evaluating file '/nix/store/mfskgipv39c2inzfvsjlwrav7qvrfsfy-nixpkgs-20.09pre214168.686274ea62c/nixpkgs/pkgs/stdenv/booter.nix'
evaluating file '/nix/store/mfskgipv39c2inzfvsjlwrav7qvrfsfy-nixpkgs-20.09pre214168.686274ea62c/nixpkgs/lib/default.nix'
evaluating file '/nix/store/mfskgipv39c2inzfvsjlwrav7qvrfsfy-nixpkgs-20.09pre214168.686274ea62c/nixpkgs/lib/fixed-points.nix'
evaluating file '/nix/store/mfskgipv39c2inzfvsjlwrav7qvrfsfy-nixpkgs-20.09pre214168.686274ea62c/nixpkgs/lib/lists.nix'
evaluating file '/nix/store/mfskgipv39c2inzfvsjlwrav7qvrfsfy-nixpkgs-20.09pre214168.686274ea62c/nixpkgs/pkgs/stdenv/default.nix'
evaluating file '/nix/store/mfskgipv39c2inzfvsjlwrav7qvrfsfy-nixpkgs-20.09pre214168.686274ea62c/nixpkgs/lib/systems/default.nix'
evaluating file '/nix/store/mfskgipv39c2inzfvsjlwrav7qvrfsfy-nixpkgs-20.09pre214168.686274ea62c/nixpkgs/lib/attrsets.nix'
evaluating file '/nix/store/mfskgipv39c2inzfvsjlwrav7qvrfsfy-nixpkgs-20.09pre214168.686274ea62c/nixpkgs/lib/systems/inspect.nix'
evaluating file '/nix/store/mfskgipv39c2inzfvsjlwrav7qvrfsfy-nixpkgs-20.09pre214168.686274ea62c/nixpkgs/lib/trivial.nix'
evaluating file '/home/aku/.nixpkgs/config.nix'
evaluating file '/nix/store/mfskgipv39c2inzfvsjlwrav7qvrfsfy-nixpkgs-20.09pre214168.686274ea62c/nixpkgs/lib/systems/parse.nix'
evaluating file '/nix/store/mfskgipv39c2inzfvsjlwrav7qvrfsfy-nixpkgs-20.09pre214168.686274ea62c/nixpkgs/lib/strings.nix'
evaluating file '/nix/store/mfskgipv39c2inzfvsjlwrav7qvrfsfy-nixpkgs-20.09pre214168.686274ea62c/nixpkgs/lib/types.nix'
evaluating file '/nix/store/mfskgipv39c2inzfvsjlwrav7qvrfsfy-nixpkgs-20.09pre214168.686274ea62c/nixpkgs/lib/options.nix'
evaluating file '/nix/store/mfskgipv39c2inzfvsjlwrav7qvrfsfy-nixpkgs-20.09pre214168.686274ea62c/nixpkgs/lib/systems/platforms.nix'
evaluating file '/nix/store/mfskgipv39c2inzfvsjlwrav7qvrfsfy-nixpkgs-20.09pre214168.686274ea62c/nixpkgs/lib/modules.nix'
evaluating file '/nix/store/mfskgipv39c2inzfvsjlwrav7qvrfsfy-nixpkgs-20.09pre214168.686274ea62c/nixpkgs/lib/debug.nix'
evaluating file '/nix/store/mfskgipv39c2inzfvsjlwrav7qvrfsfy-nixpkgs-20.09pre214168.686274ea62c/nixpkgs/pkgs/top-level/config.nix'
evaluating file '/nix/store/mfskgipv39c2inzfvsjlwrav7qvrfsfy-nixpkgs-20.09pre214168.686274ea62c/nixpkgs/pkgs/stdenv/linux/default.nix'
evaluating file '/nix/store/mfskgipv39c2inzfvsjlwrav7qvrfsfy-nixpkgs-20.09pre214168.686274ea62c/nixpkgs/pkgs/top-level/stage.nix'
evaluating file '/nix/store/mfskgipv39c2inzfvsjlwrav7qvrfsfy-nixpkgs-20.09pre214168.686274ea62c/nixpkgs/pkgs/stdenv/adapters.nix'
evaluating file '/nix/store/mfskgipv39c2inzfvsjlwrav7qvrfsfy-nixpkgs-20.09pre214168.686274ea62c/nixpkgs/pkgs/build-support/trivial-builders.nix'
evaluating file '/nix/store/mfskgipv39c2inzfvsjlwrav7qvrfsfy-nixpkgs-20.09pre214168.686274ea62c/nixpkgs/pkgs/top-level/splice.nix'
evaluating file '/nix/store/mfskgipv39c2inzfvsjlwrav7qvrfsfy-nixpkgs-20.09pre214168.686274ea62c/nixpkgs/pkgs/top-level/all-packages.nix'
evaluating file '/nix/store/mfskgipv39c2inzfvsjlwrav7qvrfsfy-nixpkgs-20.09pre214168.686274ea62c/nixpkgs/pkgs/top-level/aliases.nix'
evaluating file '/nix/store/mfskgipv39c2inzfvsjlwrav7qvrfsfy-nixpkgs-20.09pre214168.686274ea62c/nixpkgs/pkgs/stdenv/generic/default.nix'
evaluating file '/nix/store/mfskgipv39c2inzfvsjlwrav7qvrfsfy-nixpkgs-20.09pre214168.686274ea62c/nixpkgs/lib/customisation.nix'
evaluating file '/nix/store/mfskgipv39c2inzfvsjlwrav7qvrfsfy-nixpkgs-20.09pre214168.686274ea62c/nixpkgs/pkgs/tools/text/gawk/default.nix'
evaluating file '/nix/store/mfskgipv39c2inzfvsjlwrav7qvrfsfy-nixpkgs-20.09pre214168.686274ea62c/nixpkgs/pkgs/servers/x11/xorg/default.nix'
evaluating file '/nix/store/mfskgipv39c2inzfvsjlwrav7qvrfsfy-nixpkgs-20.09pre214168.686274ea62c/nixpkgs/pkgs/servers/x11/xorg/overrides.nix'
evaluating file '/nix/store/mfskgipv39c2inzfvsjlwrav7qvrfsfy-nixpkgs-20.09pre214168.686274ea62c/nixpkgs/pkgs/stdenv/generic/make-derivation.nix'
evaluating file '/nix/store/mfskgipv39c2inzfvsjlwrav7qvrfsfy-nixpkgs-20.09pre214168.686274ea62c/nixpkgs/pkgs/shells/bash/4.4.nix'
evaluating file '/nix/store/mfskgipv39c2inzfvsjlwrav7qvrfsfy-nixpkgs-20.09pre214168.686274ea62c/nixpkgs/pkgs/development/libraries/readline/7.0.nix'
evaluating file '/nix/store/mfskgipv39c2inzfvsjlwrav7qvrfsfy-nixpkgs-20.09pre214168.686274ea62c/nixpkgs/pkgs/development/tools/misc/texinfo/6.5.nix'
evaluating file '/nix/store/mfskgipv39c2inzfvsjlwrav7qvrfsfy-nixpkgs-20.09pre214168.686274ea62c/nixpkgs/pkgs/development/tools/misc/texinfo/common.nix'
evaluating file '/nix/store/mfskgipv39c2inzfvsjlwrav7qvrfsfy-nixpkgs-20.09pre214168.686274ea62c/nixpkgs/pkgs/shells/bash/bash-4.4-patches.nix'
evaluating file '/nix/store/mfskgipv39c2inzfvsjlwrav7qvrfsfy-nixpkgs-20.09pre214168.686274ea62c/nixpkgs/pkgs/stdenv/generic/check-meta.nix'
evaluating file '/nix/store/mfskgipv39c2inzfvsjlwrav7qvrfsfy-nixpkgs-20.09pre214168.686274ea62c/nixpkgs/lib/licenses.nix'
evaluating file '/nix/store/mfskgipv39c2inzfvsjlwrav7qvrfsfy-nixpkgs-20.09pre214168.686274ea62c/nixpkgs/lib/systems/doubles.nix'
evaluating file '/nix/store/mfskgipv39c2inzfvsjlwrav7qvrfsfy-nixpkgs-20.09pre214168.686274ea62c/nixpkgs/pkgs/development/libraries/readline/readline-7.0-patches.nix'
evaluating file '/nix/store/mfskgipv39c2inzfvsjlwrav7qvrfsfy-nixpkgs-20.09pre214168.686274ea62c/nixpkgs/pkgs/build-support/cc-wrapper/default.nix'
evaluating file '/nix/store/mfskgipv39c2inzfvsjlwrav7qvrfsfy-nixpkgs-20.09pre214168.686274ea62c/nixpkgs/lib/meta.nix'
evaluating file '/nix/store/mfskgipv39c2inzfvsjlwrav7qvrfsfy-nixpkgs-20.09pre214168.686274ea62c/nixpkgs/pkgs/stdenv/linux/bootstrap-tools/default.nix'
evaluating file '/nix/store/mfskgipv39c2inzfvsjlwrav7qvrfsfy-nixpkgs-20.09pre214168.686274ea62c/nixpkgs/pkgs/development/libraries/glibc/default.nix'
evaluating file '/nix/store/mfskgipv39c2inzfvsjlwrav7qvrfsfy-nixpkgs-20.09pre214168.686274ea62c/nixpkgs/pkgs/development/libraries/glibc/common.nix'
evaluating file '/nix/store/mfskgipv39c2inzfvsjlwrav7qvrfsfy-nixpkgs-20.09pre214168.686274ea62c/nixpkgs/pkgs/os-specific/linux/kernel-headers/default.nix'
evaluating file '/nix/store/mfskgipv39c2inzfvsjlwrav7qvrfsfy-nixpkgs-20.09pre214168.686274ea62c/nixpkgs/pkgs/build-support/bintools-wrapper/default.nix'
evaluating file '/nix/store/mfskgipv39c2inzfvsjlwrav7qvrfsfy-nixpkgs-20.09pre214168.686274ea62c/nixpkgs/pkgs/stdenv/linux/bootstrap-files/x86_64.nix'
evaluating file '/nix/store/mfskgipv39c2inzfvsjlwrav7qvrfsfy-nixpkgs-20.09pre214168.686274ea62c/nixpkgs/pkgs/stdenv/linux/bootstrap-files/i686.nix'
evaluating file '/nix/store/mfskgipv39c2inzfvsjlwrav7qvrfsfy-nixpkgs-20.09pre214168.686274ea62c/nixpkgs/pkgs/development/tools/misc/binutils/default.nix'
evaluating file '/nix/store/mfskgipv39c2inzfvsjlwrav7qvrfsfy-nixpkgs-20.09pre214168.686274ea62c/nixpkgs/pkgs/development/libraries/zlib/default.nix'
evaluating file '/nix/store/mfskgipv39c2inzfvsjlwrav7qvrfsfy-nixpkgs-20.09pre214168.686274ea62c/nixpkgs/pkgs/build-support/fetchurl/boot.nix'
evaluating file '/nix/store/mfskgipv39c2inzfvsjlwrav7qvrfsfy-nixpkgs-20.09pre214168.686274ea62c/nixpkgs/pkgs/development/libraries/gettext/default.nix'
evaluating file '/nix/store/mfskgipv39c2inzfvsjlwrav7qvrfsfy-nixpkgs-20.09pre214168.686274ea62c/nixpkgs/pkgs/tools/compression/xz/default.nix'
evaluating file '/nix/store/mfskgipv39c2inzfvsjlwrav7qvrfsfy-nixpkgs-20.09pre214168.686274ea62c/nixpkgs/pkgs/build-support/fetchurl/mirrors.nix'
evaluating file '/nix/store/mfskgipv39c2inzfvsjlwrav7qvrfsfy-nixpkgs-20.09pre214168.686274ea62c/nixpkgs/pkgs/development/tools/parsing/bison/default.nix'
evaluating file '/nix/store/mfskgipv39c2inzfvsjlwrav7qvrfsfy-nixpkgs-20.09pre214168.686274ea62c/nixpkgs/pkgs/development/tools/misc/gnum4/default.nix'
evaluating file '/nix/store/mfskgipv39c2inzfvsjlwrav7qvrfsfy-nixpkgs-20.09pre214168.686274ea62c/nixpkgs/pkgs/development/interpreters/perl/default.nix'
evaluating file '/nix/store/mfskgipv39c2inzfvsjlwrav7qvrfsfy-nixpkgs-20.09pre214168.686274ea62c/nixpkgs/pkgs/build-support/expand-response-params/default.nix'
evaluating file '/nix/store/mfskgipv39c2inzfvsjlwrav7qvrfsfy-nixpkgs-20.09pre214168.686274ea62c/nixpkgs/pkgs/development/interpreters/python/default.nix'
evaluating file '/nix/store/mfskgipv39c2inzfvsjlwrav7qvrfsfy-nixpkgs-20.09pre214168.686274ea62c/nixpkgs/pkgs/development/interpreters/python/cpython/default.nix'
evaluating file '/nix/store/mfskgipv39c2inzfvsjlwrav7qvrfsfy-nixpkgs-20.09pre214168.686274ea62c/nixpkgs/pkgs/tools/compression/bzip2/default.nix'
evaluating file '/nix/store/mfskgipv39c2inzfvsjlwrav7qvrfsfy-nixpkgs-20.09pre214168.686274ea62c/nixpkgs/pkgs/development/libraries/expat/default.nix'
evaluating file '/nix/store/mfskgipv39c2inzfvsjlwrav7qvrfsfy-nixpkgs-20.09pre214168.686274ea62c/nixpkgs/pkgs/development/libraries/libffi/default.nix'
evaluating file '/nix/store/mfskgipv39c2inzfvsjlwrav7qvrfsfy-nixpkgs-20.09pre214168.686274ea62c/nixpkgs/pkgs/development/tools/misc/autoconf/default.nix'
evaluating file '/nix/store/mfskgipv39c2inzfvsjlwrav7qvrfsfy-nixpkgs-20.09pre214168.686274ea62c/nixpkgs/pkgs/development/tools/misc/automake/automake-1.16.x.nix'
evaluating file '/nix/store/mfskgipv39c2inzfvsjlwrav7qvrfsfy-nixpkgs-20.09pre214168.686274ea62c/nixpkgs/pkgs/development/tools/misc/libtool/libtool2.nix'
evaluating file '/nix/store/mfskgipv39c2inzfvsjlwrav7qvrfsfy-nixpkgs-20.09pre214168.686274ea62c/nixpkgs/pkgs/development/tools/misc/help2man/default.nix'
evaluating file '/nix/store/mfskgipv39c2inzfvsjlwrav7qvrfsfy-nixpkgs-20.09pre214168.686274ea62c/nixpkgs/pkgs/top-level/perl-packages.nix'
evaluating file '/nix/store/mfskgipv39c2inzfvsjlwrav7qvrfsfy-nixpkgs-20.09pre214168.686274ea62c/nixpkgs/pkgs/development/perl-modules/generic/default.nix'
evaluating file '/nix/store/mfskgipv39c2inzfvsjlwrav7qvrfsfy-nixpkgs-20.09pre214168.686274ea62c/nixpkgs/pkgs/build-support/nuke-references/default.nix'
evaluating file '/nix/store/mfskgipv39c2inzfvsjlwrav7qvrfsfy-nixpkgs-20.09pre214168.686274ea62c/nixpkgs/pkgs/development/interpreters/python/setup-hook.nix'
evaluating file '/nix/store/mfskgipv39c2inzfvsjlwrav7qvrfsfy-nixpkgs-20.09pre214168.686274ea62c/nixpkgs/pkgs/development/libraries/libidn2/default.nix'
evaluating file '/nix/store/mfskgipv39c2inzfvsjlwrav7qvrfsfy-nixpkgs-20.09pre214168.686274ea62c/nixpkgs/pkgs/development/libraries/libunistring/default.nix'
evaluating file '/nix/store/mfskgipv39c2inzfvsjlwrav7qvrfsfy-nixpkgs-20.09pre214168.686274ea62c/nixpkgs/pkgs/development/compilers/gcc/9/default.nix'
evaluating file '/nix/store/mfskgipv39c2inzfvsjlwrav7qvrfsfy-nixpkgs-20.09pre214168.686274ea62c/nixpkgs/pkgs/development/libraries/libelf/default.nix'
evaluating file '/nix/store/mfskgipv39c2inzfvsjlwrav7qvrfsfy-nixpkgs-20.09pre214168.686274ea62c/nixpkgs/pkgs/tools/misc/coreutils/default.nix'
evaluating file '/nix/store/mfskgipv39c2inzfvsjlwrav7qvrfsfy-nixpkgs-20.09pre214168.686274ea62c/nixpkgs/pkgs/development/libraries/acl/default.nix'
evaluating file '/nix/store/mfskgipv39c2inzfvsjlwrav7qvrfsfy-nixpkgs-20.09pre214168.686274ea62c/nixpkgs/pkgs/tools/text/gnugrep/default.nix'
evaluating file '/nix/store/mfskgipv39c2inzfvsjlwrav7qvrfsfy-nixpkgs-20.09pre214168.686274ea62c/nixpkgs/pkgs/development/tools/misc/patchelf/default.nix'
evaluating file '/nix/store/mfskgipv39c2inzfvsjlwrav7qvrfsfy-nixpkgs-20.09pre214168.686274ea62c/nixpkgs/pkgs/development/compilers/gcc/common/extra-target-flags.nix'
evaluating file '/nix/store/mfskgipv39c2inzfvsjlwrav7qvrfsfy-nixpkgs-20.09pre214168.686274ea62c/nixpkgs/pkgs/development/libraries/isl/0.17.1.nix'
evaluating file '/nix/store/mfskgipv39c2inzfvsjlwrav7qvrfsfy-nixpkgs-20.09pre214168.686274ea62c/nixpkgs/pkgs/development/libraries/gmp/6.x.nix'
evaluating file '/nix/store/mfskgipv39c2inzfvsjlwrav7qvrfsfy-nixpkgs-20.09pre214168.686274ea62c/nixpkgs/pkgs/development/libraries/mpfr/default.nix'
evaluating file '/nix/store/mfskgipv39c2inzfvsjlwrav7qvrfsfy-nixpkgs-20.09pre214168.686274ea62c/nixpkgs/pkgs/development/libraries/libmpc/default.nix'
evaluating file '/nix/store/mfskgipv39c2inzfvsjlwrav7qvrfsfy-nixpkgs-20.09pre214168.686274ea62c/nixpkgs/pkgs/development/compilers/gcc/common/configure-flags.nix'
evaluating file '/nix/store/mfskgipv39c2inzfvsjlwrav7qvrfsfy-nixpkgs-20.09pre214168.686274ea62c/nixpkgs/pkgs/development/compilers/gcc/common/platform-flags.nix'
evaluating file '/nix/store/mfskgipv39c2inzfvsjlwrav7qvrfsfy-nixpkgs-20.09pre214168.686274ea62c/nixpkgs/pkgs/tools/system/which/default.nix'
evaluating file '/nix/store/mfskgipv39c2inzfvsjlwrav7qvrfsfy-nixpkgs-20.09pre214168.686274ea62c/nixpkgs/pkgs/development/compilers/gcc/common/pre-configure.nix'
evaluating file '/nix/store/mfskgipv39c2inzfvsjlwrav7qvrfsfy-nixpkgs-20.09pre214168.686274ea62c/nixpkgs/pkgs/build-support/fetchurl/default.nix'
evaluating file '/nix/store/mfskgipv39c2inzfvsjlwrav7qvrfsfy-nixpkgs-20.09pre214168.686274ea62c/nixpkgs/lib/fetchers.nix'
evaluating file '/nix/store/mfskgipv39c2inzfvsjlwrav7qvrfsfy-nixpkgs-20.09pre214168.686274ea62c/nixpkgs/pkgs/tools/compression/gzip/default.nix'
evaluating file '/nix/store/mfskgipv39c2inzfvsjlwrav7qvrfsfy-nixpkgs-20.09pre214168.686274ea62c/nixpkgs/pkgs/development/libraries/attr/default.nix'
evaluating file '/nix/store/mfskgipv39c2inzfvsjlwrav7qvrfsfy-nixpkgs-20.09pre214168.686274ea62c/nixpkgs/pkgs/tools/text/diffutils/default.nix'
evaluating file '/nix/store/mfskgipv39c2inzfvsjlwrav7qvrfsfy-nixpkgs-20.09pre214168.686274ea62c/nixpkgs/pkgs/tools/misc/findutils/default.nix'
evaluating file '/nix/store/mfskgipv39c2inzfvsjlwrav7qvrfsfy-nixpkgs-20.09pre214168.686274ea62c/nixpkgs/pkgs/development/tools/build-managers/gnumake/4.2/default.nix'
evaluating file '/nix/store/mfskgipv39c2inzfvsjlwrav7qvrfsfy-nixpkgs-20.09pre214168.686274ea62c/nixpkgs/pkgs/tools/text/gnused/default.nix'
evaluating file '/nix/store/mfskgipv39c2inzfvsjlwrav7qvrfsfy-nixpkgs-20.09pre214168.686274ea62c/nixpkgs/pkgs/tools/archivers/gnutar/default.nix'
evaluating file '/nix/store/mfskgipv39c2inzfvsjlwrav7qvrfsfy-nixpkgs-20.09pre214168.686274ea62c/nixpkgs/pkgs/development/libraries/pcre/default.nix'
evaluating file '/nix/store/mfskgipv39c2inzfvsjlwrav7qvrfsfy-nixpkgs-20.09pre214168.686274ea62c/nixpkgs/pkgs/tools/text/gnupatch/default.nix'
evaluating file '/nix/store/mfskgipv39c2inzfvsjlwrav7qvrfsfy-nixpkgs-20.09pre214168.686274ea62c/nixpkgs/pkgs/applications/editors/ed/default.nix'
evaluating file '/nix/store/mfskgipv39c2inzfvsjlwrav7qvrfsfy-nixpkgs-20.09pre214168.686274ea62c/nixpkgs/pkgs/tools/compression/lzip/default.nix'
evaluating file '/nix/store/mfskgipv39c2inzfvsjlwrav7qvrfsfy-nixpkgs-20.09pre214168.686274ea62c/nixpkgs/pkgs/stdenv/common-path.nix'
evaluating file '/nix/store/mfskgipv39c2inzfvsjlwrav7qvrfsfy-nixpkgs-20.09pre214168.686274ea62c/nixpkgs/pkgs/tools/networking/curl/default.nix'
evaluating file '/nix/store/mfskgipv39c2inzfvsjlwrav7qvrfsfy-nixpkgs-20.09pre214168.686274ea62c/nixpkgs/pkgs/development/libraries/nghttp2/default.nix'
evaluating file '/nix/store/mfskgipv39c2inzfvsjlwrav7qvrfsfy-nixpkgs-20.09pre214168.686274ea62c/nixpkgs/pkgs/development/libraries/openssl/default.nix'
evaluating file '/nix/store/mfskgipv39c2inzfvsjlwrav7qvrfsfy-nixpkgs-20.09pre214168.686274ea62c/nixpkgs/pkgs/development/libraries/libssh2/default.nix'
evaluating file '/nix/store/mfskgipv39c2inzfvsjlwrav7qvrfsfy-nixpkgs-20.09pre214168.686274ea62c/nixpkgs/pkgs/development/libraries/kerberos/krb5.nix'
evaluating file '/nix/store/mfskgipv39c2inzfvsjlwrav7qvrfsfy-nixpkgs-20.09pre214168.686274ea62c/nixpkgs/pkgs/os-specific/linux/keyutils/default.nix'
evaluating file '/nix/store/mfskgipv39c2inzfvsjlwrav7qvrfsfy-nixpkgs-20.09pre214168.686274ea62c/nixpkgs/pkgs/development/tools/misc/pkg-config/default.nix'
evaluating file '/nix/store/mfskgipv39c2inzfvsjlwrav7qvrfsfy-nixpkgs-20.09pre214168.686274ea62c/nixpkgs/pkgs/development/libraries/libev/default.nix'
evaluating file '/nix/store/mfskgipv39c2inzfvsjlwrav7qvrfsfy-nixpkgs-20.09pre214168.686274ea62c/nixpkgs/pkgs/development/libraries/c-ares/default.nix'
evaluating file '/nix/store/mfskgipv39c2inzfvsjlwrav7qvrfsfy-nixpkgs-20.09pre214168.686274ea62c/nixpkgs/pkgs/development/libraries/ncurses/default.nix'
Build profile: -w ghc-8.6.5 -O1
In order, the following will be built (use -v for more details):
 - hciteservice-0.1.0.0 (exe:interact) (file interact/Interact.hs changed)
Preprocessing executable 'interact' for hciteservice-0.1.0.0..
Building executable 'interact' for hciteservice-0.1.0.0..
Linking /home/aku/Documents/kerja/devKit/hcite/dist-ghc/build/x86_64-linux/ghc-8.6.5/hciteservice-0.1.0.0/x/interact/build/interact/interact ...
